Command: E:\ESP32_NEWBIE\Espressif\python_env\idf5.5_py3.11_env\Scripts\python.exe E:\ESP32_NEWBIE\Espressif\frameworks\esp-idf-v5.5\tools/idf_monitor.py -p COM7 -b 115200 --toolchain-prefix xtensa-esp32-elf- --target esp32 --revision 0 E:\ESP32_NEWBIE\Espressif\frameworks\esp-idf-v5.5\examples\get-started\I2C_RTOS\esp_sender\build\esp_sender.elf E:\ESP32_NEWBIE\Espressif\frameworks\esp-idf-v5.5\examples\get-started\I2C_RTOS\esp_sender\build\bootloader\bootloader.elf --force-color -m 'E:\ESP32_NEWBIE\Espressif\python_env\idf5.5_py3.11_env\Scripts\python.exe' 'E:\ESP32_NEWBIE\Espressif\frameworks\esp-idf-v5.5\tools\idf.py' '-p' 'COM7'
Ñ¥ï¿½ï¿½ï¿½ets Jul 29 2019 12:21:46

rst:0x1 (POWERON_RESET),boot:0x13 (SPI_FAST_FLASH_BOOT)
configsip: 0, SPIWP:0xee
clk_drv:0x00,q_drv:0x00,d_drv:0x00,cs0_drv:0x00,hd_drv:0x00,wp_drv:0x00
mode:DIO, clock div:2
load:0x3fff0030,len:6380
ho 0 tail 12 room 4
load:0x40078000,len:15916
load:0x40080400,len:3860
entry 0x40080638
[0;32mI (29) boot: ESP-IDF v5.5-dirty 2nd stage bootloader[0m
[0;32mI (29) boot: compile time Aug 28 2025 17:16:23[0m
[0;32mI (29) boot: Multicore bootloader[0m
[0;32mI (31) boot: chip revision: v3.1[0m
[0;32mI (34) boot.esp32: SPI Speed      : 40MHz[0m
[0;32mI (37) boot.esp32: SPI Mode       : DIO[0m
[0;32mI (41) boot.esp32: SPI Flash Size : 2MB[0m
[0;32mI (45) boot: Enabling RNG early entropy source...[0m
[0;32mI (49) boot: Partition Table:[0m
[0;32mI (52) boot: ## Label            Usage          Type ST Offset   Length[0m
[0;32mI (58) boot:  0 nvs              WiFi data        01 02 00009000 00006000[0m
[0;32mI (65) boot:  1 phy_init         RF data          01 01 0000f000 00001000[0m
[0;32mI (71) boot:  2 factory          factory app      00 00 00010000 00100000[0m
[0;32mI (78) boot: End of partition table[0m
[0;32mI (81) esp_image: segment 0: paddr=00010020 vaddr=3f400020 size=0b84ch ( 47180) map[0m
[0;32mI (104) esp_image: segment 1: paddr=0001b874 vaddr=3ff80000 size=00020h (    32) load[0m
[0;32mI (105) esp_image: segment 2: paddr=0001b89c vaddr=3ffb0000 size=02418h (  9240) load[0m
[0;32mI (112) esp_image: segment 3: paddr=0001dcbc vaddr=40080000 size=0235ch (  9052) load[0m
[0;32mI (120) esp_image: segment 4: paddr=00020020 vaddr=400d0020 size=182d8h ( 99032) map[0m
[0;32mI (157) esp_image: segment 5: paddr=00038300 vaddr=4008235c size=0c4f4h ( 50420) load[0m
[0;32mI (184) boot: Loaded app from partition at offset 0x10000[0m
[0;32mI (184) boot: Disabling RNG early entropy source...[0m
[0;32mI (195) cpu_start: Multicore app[0m
[0;32mI (203) cpu_start: Pro cpu start user code[0m
[0;32mI (203) cpu_start: cpu freq: 160000000 Hz[0m
[0;32mI (203) app_init: Application information:[0m
[0;32mI (203) app_init: Project name:     esp_sender[0m
[0;32mI (207) app_init: App version:      v5.5-dirty[0m
[0;32mI (211) app_init: Compile time:     Aug 28 2025 17:16:15[0m
[0;32mI (217) app_init: ELF file SHA256:  1d9e9bddd...[0m
[0;32mI (221) app_init: ESP-IDF:          v5.5-dirty[0m
[0;32mI (225) efuse_init: Min chip rev:     v0.0[0m
[0;32mI (229) efuse_init: Max chip rev:     v3.99 [0m
[0;32mI (233) efuse_init: Chip rev:         v3.1[0m
[0;32mI (237) heap_init: Initializing. RAM available for dynamic allocation:[0m
[0;32mI (243) heap_init: At 3FFAE6E0 len 00001920 (6 KiB): DRAM[0m
[0;32mI (248) heap_init: At 3FFB2D00 len 0002D300 (180 KiB): DRAM[0m
[0;32mI (253) heap_init: At 3FFE0440 len 00003AE0 (14 KiB): D/IRAM[0m
[0;32mI (259) heap_init: At 3FFE4350 len 0001BCB0 (111 KiB): D/IRAM[0m
[0;32mI (264) heap_init: At 4008E850 len 000117B0 (69 KiB): IRAM[0m
[0;33mW (271) spi_flash: boya detected but related driver is not linked, please check option `SPI_FLASH_SUPPORT_BOYA_CHIP`[0m
[0;32mI (280) spi_flash: detected chip: generic[0m
[0;32mI (283) spi_flash: flash io: dio[0m
[0;33mW (286) spi_flash: Detected size(4096k) larger than the size in the binary image header(2048k). Using the size in the binary image header.[0m
[0;33mW (298) i2c: This driver is an old driver, please migrate your application code to adapt `driver/i2c_master.h`[0m
[0;32mI (309) main_task: Started on CPU0[0m
[0;32mI (319) main_task: Calling app_main()[0m
[0;32mI (319) TASK: task_read_ds1307 bat dau chay[0m
[0;32mI (319) TASK: task_send_uart bat dau chay[0m
[0;32mI (319) ESP1: Nhan duoc: 161:62:60 40/62/2161[0m
[0;32mI (319) ESP1: Gui di: 161:62:60 40/62/2161[0m
[0;32mI (319) main_task: Returned from app_main()[0m
[0;32mI (1319) ESP1: Nhan duoc: 45:165:165 00/00/2000[0m
[0;32mI (1319) ESP1: Gui di: 45:165:165 00/00/2000[0m
[0;32mI (2319) ESP1: Nhan duoc: 161:62:60 40/62/2161[0m
[0;32mI (2319) ESP1: Gui di: 161:62:60 40/62/2161[0m
[0;32mI (3319) ESP1: Nhan duoc: 161:62:60 40/62/2161[0m
[0;32mI (3319) ESP1: Gui di: 161:62:60 40/62/2161[0m
[0;32mI (4319) ESP1: Nhan duoc: 161:62:60 40/62/2161[0m
[0;32mI (4319) ESP1: Gui di: 161:62:60 40/62/2161[0m
[0;32mI (5319) ESP1: Nhan duoc: 161:62:60 40/62/2161[0m
[0;32mI (5319) ESP1: Gui di: 161:62:60 40/62/2161[0m
[0;32mI (6319) ESP1: Nhan duoc: 161:62:60 40/62/2161[0m
[0;32mI (6319) ESP1: Gui di: 161:62:60 40/62/2161[0m
[0;32mI (7319) ESP1: Nhan duoc: 161:62:60 40/62/2161[0m
[0;32mI (7319) ESP1: Gui di: 161:62:60 40/62/2161[0m
[0;32mI (8319) ESP1: Nhan duoc: 161:62:60 40/62/2161[0m
[0;32mI (8319) ESP1: Gui di: 161:62:60 40/62/2161[0m
[0;32mI (9319) ESP1: Nhan duoc: 161:62:60 40/62/2161[0m
[0;32mI (9319) ESP1: Gui di: 161:62:60 40/62/2161[0m
[0;32mI (10319) ESP1: Nhan duoc: 161:62:60 40/62/2161[0m
[0;32mI (10319) ESP1: Gui di: 161:62:60 40/62/2161[0m
[0;32mI (11319) ESP1: Nhan duoc: 161:62:60 40/62/2161[0m
[0;32mI (11319) ESP1: Gui di: 161:62:60 40/62/2161[0m
[0;32mI (12319) ESP1: Nhan duoc: 161:62:60 40/62/2161[0m
[0;32mI (12319) ESP1: Gui di: 161:62:60 40/62/2161[0m
[0;32mI (13319) ESP1: Nhan duoc: 161:62:60 40/62/2161[0m
[0;32mI (13319) ESP1: Gui di: 161:62:60 40/62/2161[0m
[0;32mI (14319) ESP1: Nhan duoc: 161:62:60 40/62/2161[0m
[0;32mI (14319) ESP1: Gui di: 161:62:60 40/62/2161[0m
[0;32mI (15319) ESP1: Nhan duoc: 161:62:60 40/62/2161[0m
[0;32mI (15319) ESP1: Gui di: 161:62:60 40/62/2161[0m
[0;32mI (16319) ESP1: Nhan duoc: 161:62:60 40/62/2161[0m
[0;32mI (16319) ESP1: Gui di: 161:62:60 40/62/2161[0m
[0;32mI (17319) ESP1: Nhan duoc: 161:62:60 40/62/2161[0m
[0;32mI (17319) ESP1: Gui di: 161:62:60 40/62/2161[0m
[0;32mI (18319) ESP1: Nhan duoc: 161:62:60 40/62/2161[0m
[0;32mI (18319) ESP1: Gui di: 161:62:60 40/62/2161[0m
[0;32mI (19319) ESP1: Nhan duoc: 161:62:60 40/62/2161[0m
[0;32mI (19319) ESP1: Gui di: 161:62:60 40/62/2161[0m
[0;32mI (20319) ESP1: Nhan duoc: 161:62:60 40/62/2161[0m
[0;32mI (20319) ESP1: Gui di: 161:62:60 40/62/2161[0m
[0;32mI (21319) ESP1: Nhan duoc: 161:62:60 40/62/2161[0m
[0;32mI (21319) ESP1: Gui di: 161:62:60 40/62/2161[0m
[0;32mI (22319) ESP1: Nhan duoc: 161:62:60 40/62/2161[0m
[0;32mI (22319) ESP1: Gui di: 161:62:60 40/62/2161[0m
[0;32mI (23319) ESP1: Nhan duoc: 161:62:60 40/62/2161[0m
[0;32mI (23319) ESP1: Gui di: 161:62:60 40/62/2161[0m
[0;32mI (24319) ESP1: Nhan duoc: 161:62:60 40/62/2161[0m
[0;32mI (24319) ESP1: Gui di: 161:62:60 40/62/2161[0m
[0;32mI (25319) ESP1: Nhan duoc: 161:62:60 40/62/2161[0m
[0;32mI (25319) ESP1: Gui di: 161:62:60 40/62/2161[0m
[0;32mI (26319) ESP1: Nhan duoc: 161:62:60 40/62/2161[0m
[0;32mI (26319) ESP1: Gui di: 161:62:60 40/62/2161[0m
[0;32mI (27319) ESP1: Nhan duoc: 161:62:60 40/62/2161[0m
[0;32mI (27319) ESP1: Gui di: 161:62:60 40/62/2161[0m
[0;32mI (28319) ESP1: Nhan duoc: 161:62:60 40/62/2161[0m
[0;32mI (28319) ESP1: Gui di: 161:62:60 40/62/2161[0m
[0;32mI (29319) ESP1: Nhan duoc: 161:62:60 40/62/2161[0m
[0;32mI (29319) ESP1: Gui di: 161:62:60 40/62/2161[0m
[0;32mI (30319) ESP1: Nhan duoc: 161:62:60 40/62/2161[0m
[0;32mI (30319) ESP1: Gui di: 161:62:60 40/62/2161[0m
[0;32mI (31319) ESP1: Nhan duoc: 161:62:60 40/62/2161[0m
[0;32mI (31319) ESP1: Gui di: 161:62:60 40/62/2161[0m
[0;32mI (32319) ESP1: Nhan duoc: 161:62:60 40/62/2161[0m
[0;32mI (32319) ESP1: Gui di: 161:62:60 40/62/2161[0m
[0;32mI (33319) ESP1: Nhan duoc: 161:62:60 40/62/2161[0m
[0;32mI (33319) ESP1: Gui di: 161:62:60 40/62/2161[0m
[0;32mI (34319) ESP1: Nhan duoc: 161:62:60 40/62/2161[0m
[0;32mI (34319) ESP1: Gui di: 161:62:60 40/62/2161[0m
[0;32mI (35319) ESP1: Nhan duoc: 161:62:60 40/62/2161[0m
[0;32mI (35319) ESP1: Gui di: 161:62:60 40/62/2161[0m
[0;32mI (36319) ESP1: Nhan duoc: 161:62:60 40/62/2161[0m
[0;32mI (36319) ESP1: Gui di: 161:62:60 40/62/2161[0m
[0;32mI (37319) ESP1: Nhan duoc: 161:62:60 40/62/2161[0m
[0;32mI (37319) ESP1: Gui di: 161:62:60 40/62/2161[0m
[0;32mI (38319) ESP1: Nhan duoc: 161:62:60 40/62/2161[0m
[0;32mI (38319) ESP1: Gui di: 161:62:60 40/62/2161[0m
[0;32mI (39319) ESP1: Nhan duoc: 161:62:60 40/62/2161[0m
[0;32mI (39319) ESP1: Gui di: 161:62:60 40/62/2161[0m
[0;32mI (40319) ESP1: Nhan duoc: 161:62:60 40/62/2161[0m
[0;32mI (40319) ESP1: Gui di: 161:62:60 40/62/2161[0m
[0;32mI (41319) ESP1: Nhan duoc: 161:62:60 40/62/2161[0m
[0;32mI (41319) ESP1: Gui di: 161:62:60 40/62/2161[0m
[0;32mI (42319) ESP1: Nhan duoc: 161:62:60 40/62/2161[0m
[0;32mI (42319) ESP1: Gui di: 161:62:60 40/62/2161[0m
[0;32mI (43319) ESP1: Nhan duoc: 161:62:60 40/62/2161[0m
[0;32mI (43319) ESP1: Gui di: 161:62:60 40/62/2161[0m
[0;32mI (44319) ESP1: Nhan duoc: 161:62:60 40/62/2161[0m
[0;32mI (44319) ESP1: Gui di: 161:62:60 40/62/2161[0m
[0;32mI (45319) ESP1: Nhan duoc: 161:62:60 40/62/2161[0m
[0;32mI (45319) ESP1: Gui di: 161:62:60 40/62/2161[0m
[0;32mI (46319) ESP1: Nhan duoc: 161:62:60 40/62/2161[0m
[0;32mI (46319) ESP1: Gui di: 161:62:60 40/62/2161[0m
[0;32mI (47319) ESP1: Nhan duoc: 161:62:60 40/62/2161[0m
[0;32mI (47319) ESP1: Gui di: 161:62:60 40/62/2161[0m
[0;32mI (48319) ESP1: Nhan duoc: 161:62:60 40/62/2161[0m
[0;32mI (48319) ESP1: Gui di: 161:62:60 40/62/2161[0m
[0;32mI (49319) ESP1: Nhan duoc: 161:62:60 40/62/2161[0m
[0;32mI (49319) ESP1: Gui di: 161:62:60 40/62/2161[0m
[0;32mI (50319) ESP1: Nhan duoc: 161:62:60 40/62/2161[0m
[0;32mI (50319) ESP1: Gui di: 161:62:60 40/62/2161[0m
[0;32mI (51319) ESP1: Nhan duoc: 161:62:60 40/62/2161[0m
[0;32mI (51319) ESP1: Gui di: 161:62:60 40/62/2161[0m
[0;32mI (52319) ESP1: Nhan duoc: 161:62:60 40/62/2161[0m
[0;32mI (52319) ESP1: Gui di: 161:62:60 40/62/2161[0m
[0;32mI (53319) ESP1: Nhan duoc: 161:62:60 40/62/2161[0m
[0;32mI (53319) ESP1: Gui di: 161:62:60 40/62/2161[0m
[0;32mI (54319) ESP1: Nhan duoc: 161:62:60 40/62/2161[0m
[0;32mI (54319) ESP1: Gui di: 161:62:60 40/62/2161[0m
[0;32mI (55319) ESP1: Nhan duoc: 161:62:60 40/62/2161[0m
[0;32mI (55319) ESP1: Gui di: 161:62:60 40/62/2161[0m
[0;32mI (56319) ESP1: Nhan duoc: 161:62:60 40/62/2161[0m
[0;32mI (56319) ESP1: Gui di: 161:62:60 40/62/2161[0m
