Command: E:\ESP32_NEWBIE\Espressif\python_env\idf5.5_py3.11_env\Scripts\python.exe E:\ESP32_NEWBIE\Espressif\frameworks\esp-idf-v5.5\tools/idf_monitor.py -p COM7 -b 115200 --toolchain-prefix xtensa-esp32-elf- --target esp32 --revision 0 E:\ESP32_NEWBIE\Espressif\frameworks\esp-idf-v5.5\examples\get-started\I2C_RTOS\esp_sender\build\esp_sender.elf E:\ESP32_NEWBIE\Espressif\frameworks\esp-idf-v5.5\examples\get-started\I2C_RTOS\esp_sender\build\bootloader\bootloader.elf --force-color -m 'E:\ESP32_NEWBIE\Espressif\python_env\idf5.5_py3.11_env\Scripts\python.exe' 'E:\ESP32_NEWBIE\Espressif\frameworks\esp-idf-v5.5\tools\idf.py' '-p' 'COM7'
ets Jul 29 2019 12:21:46

rst:0x1 (POWERON_RESET),boot:0x13 (SPI_FAST_FLASH_BOOT)
configsip: 0, SPIWP:0xee
clk_drv:0x00,q_drv:0x00,d_drv:0x00,cs0_drv:0x00,hd_drv:0x00,wp_drv:0x00
mode:DIO, clock div:2
load:0x3fff0030,len:6380
ho 0 tail 12 room 4
load:0x40078000,len:15916
load:0x40080400,len:3860
entry 0x40080638
[0;32mI (29) boot: ESP-IDF v5.5-dirty 2nd stage bootloader[0m
[0;32mI (29) boot: compile time Aug 28 2025 17:16:23[0m
[0;32mI (29) boot: Multicore bootloader[0m
[0;32mI (31) boot: chip revision: v3.1[0m
[0;32mI (34) boot.esp32: SPI Speed      : 40MHz[0m
[0;32mI (37) boot.esp32: SPI Mode       : DIO[0m
[0;32mI (41) boot.esp32: SPI Flash Size : 2MB[0m
[0;32mI (45) boot: Enabling RNG early entropy source...[0m
[0;32mI (49) boot: Partition Table:[0m
[0;32mI (52) boot: ## Label            Usage          Type ST Offset   Length[0m
[0;32mI (58) boot:  0 nvs              WiFi data        01 02 00009000 00006000[0m
[0;32mI (65) boot:  1 phy_init         RF data          01 01 0000f000 00001000[0m
[0;32mI (71) boot:  2 factory          factory app      00 00 00010000 00100000[0m
[0;32mI (78) boot: End of partition table[0m
[0;32mI (81) esp_image: segment 0: paddr=00010020 vaddr=3f400020 size=0b84ch ( 47180) map[0m
[0;32mI (104) esp_image: segment 1: paddr=0001b874 vaddr=3ff80000 size=00020h (    32) load[0m
[0;32mI (105) esp_image: segment 2: paddr=0001b89c vaddr=3ffb0000 size=02418h (  9240) load[0m
[0;32mI (112) esp_image: segment 3: paddr=0001dcbc vaddr=40080000 size=0235ch (  9052) load[0m
[0;32mI (120) esp_image: segment 4: paddr=00020020 vaddr=400d0020 size=182d8h ( 99032) map[0m
[0;32mI (157) esp_image: segment 5: paddr=00038300 vaddr=4008235c size=0c4f4h ( 50420) load[0m
[0;32mI (184) boot: Loaded app from partition at offset 0x10000[0m
[0;32mI (184) boot: Disabling RNG early entropy source...[0m
[0;32mI (195) cpu_start: Multicore app[0m
[0;32mI (203) cpu_start: Pro cpu start user code[0m
[0;32mI (203) cpu_start: cpu freq: 160000000 Hz[0m
[0;32mI (203) app_init: Application information:[0m
[0;32mI (203) app_init: Project name:     esp_sender[0m
[0;32mI (207) app_init: App version:      v5.5-dirty[0m
[0;32mI (211) app_init: Compile time:     Aug 28 2025 17:16:15[0m
[0;32mI (217) app_init: ELF file SHA256:  1d9e9bddd...[0m
[0;32mI (221) app_init: ESP-IDF:          v5.5-dirty[0m
[0;32mI (225) efuse_init: Min chip rev:     v0.0[0m
[0;32mI (229) efuse_init: Max chip rev:     v3.99 [0m
[0;32mI (233) efuse_init: Chip rev:         v3.1[0m
[0;32mI (237) heap_init: Initializing. RAM available for dynamic allocation:[0m
[0;32mI (243) heap_init: At 3FFAE6E0 len 00001920 (6 KiB): DRAM[0m
[0;32mI (248) heap_init: At 3FFB2D00 len 0002D300 (180 KiB): DRAM[0m
[0;32mI (253) heap_init: At 3FFE0440 len 00003AE0 (14 KiB): D/IRAM[0m
[0;32mI (259) heap_init: At 3FFE4350 len 0001BCB0 (111 KiB): D/IRAM[0m
[0;32mI (264) heap_init: At 4008E850 len 000117B0 (69 KiB): IRAM[0m
[0;33mW (271) spi_flash: boya detected but related driver is not linked, please check option `SPI_FLASH_SUPPORT_BOYA_CHIP`[0m
[0;32mI (280) spi_flash: detected chip: generic[0m
[0;32mI (283) spi_flash: flash io: dio[0m
[0;33mW (286) spi_flash: Detected size(4096k) larger than the size in the binary image header(2048k). Using the size in the binary image header.[0m
[0;33mW (298) i2c: This driver is an old driver, please migrate your application code to adapt `driver/i2c_master.h`[0m
[0;32mI (309) main_task: Started on CPU0[0m
[0;32mI (319) main_task: Calling app_main()[0m
[0;32mI (319) TASK: task_read_ds1307 bat dau chay[0m
[0;32mI (319) TASK: task_send_uart bat dau chay[0m
[0;32mI (319) main_task: Returned from app_main()[0m
[0;32mI (319) ESP1: Nhan duoc: 10:28:00 29/08/2025[0m
[0;32mI (319) ESP1: Gui di: 10:28:00 29/08/2025[0m
[0;32mI (1329) ESP1: Nhan duoc: 10:28:00 29/08/2025[0m
[0;32mI (1329) ESP1: Gui di: 10:28:00 29/08/2025[0m
[0;32mI (2329) ESP1: Nhan duoc: 10:28:01 29/08/2025[0m
[0;32mI (2329) ESP1: Gui di: 10:28:01 29/08/2025[0m
[0;32mI (3329) ESP1: Nhan duoc: 10:28:02 29/08/2025[0m
[0;32mI (3329) ESP1: Gui di: 10:28:02 29/08/2025[0m
[0;32mI (4329) ESP1: Nhan duoc: 10:28:03 29/08/2025[0m
[0;32mI (4329) ESP1: Gui di: 10:28:03 29/08/2025[0m
[0;32mI (5329) ESP1: Nhan duoc: 10:28:04 29/08/2025[0m
[0;32mI (5329) ESP1: Gui di: 10:28:04 29/08/2025[0m
[0;32mI (6329) ESP1: Nhan duoc: 10:28:05 29/08/2025[0m
[0;32mI (6329) ESP1: Gui di: 10:28:05 29/08/2025[0m
[0;32mI (7329) ESP1: Nhan duoc: 10:28:06 29/08/2025[0m
[0;32mI (7329) ESP1: Gui di: 10:28:06 29/08/2025[0m
[0;32mI (8329) ESP1: Nhan duoc: 10:28:07 29/08/2025[0m
[0;32mI (8329) ESP1: Gui di: 10:28:07 29/08/2025[0m
[0;32mI (9329) ESP1: Nhan duoc: 10:28:08 29/08/2025[0m
[0;32mI (9329) ESP1: Gui di: 10:28:08 29/08/2025[0m
[0;32mI (10329) ESP1: Nhan duoc: 10:28:09 29/08/2025[0m
[0;32mI (10329) ESP1: Gui di: 10:28:09 29/08/2025[0m
[0;32mI (11329) ESP1: Nhan duoc: 10:28:10 29/08/2025[0m
[0;32mI (11329) ESP1: Gui di: 10:28:10 29/08/2025[0m
[0;32mI (12329) ESP1: Nhan duoc: 10:28:11 29/08/2025[0m
[0;32mI (12329) ESP1: Gui di: 10:28:11 29/08/2025[0m
[0;32mI (13329) ESP1: Nhan duoc: 10:28:12 29/08/2025[0m
[0;32mI (13329) ESP1: Gui di: 10:28:12 29/08/2025[0m
[0;32mI (14329) ESP1: Nhan duoc: 10:28:13 29/08/2025[0m
[0;32mI (14329) ESP1: Gui di: 10:28:13 29/08/2025[0m
[0;32mI (15329) ESP1: Nhan duoc: 10:28:14 29/08/2025[0m
[0;32mI (15329) ESP1: Gui di: 10:28:14 29/08/2025[0m
[0;32mI (16329) ESP1: Nhan duoc: 10:28:15 29/08/2025[0m
[0;32mI (16329) ESP1: Gui di: 10:28:15 29/08/2025[0m
[0;32mI (17329) ESP1: Nhan duoc: 10:28:16 29/08/2025[0m
[0;32mI (17329) ESP1: Gui di: 10:28:16 29/08/2025[0m
[0;32mI (18329) ESP1: Nhan duoc: 10:28:17 29/08/2025[0m
[0;32mI (18329) ESP1: Gui di: 10:28:17 29/08/2025[0m
[0;32mI (19329) ESP1: Nhan duoc: 10:28:18 29/08/2025[0m
[0;32mI (19329) ESP1: Gui di: 10:28:18 29/08/2025[0m
[0;32mI (20329) ESP1: Nhan duoc: 10:28:19 29/08/2025[0m
[0;32mI (20329) ESP1: Gui di: 10:28:19 29/08/2025[0m
[0;32mI (21329) ESP1: Nhan duoc: 10:28:20 29/08/2025[0m
[0;32mI (21329) ESP1: Gui di: 10:28:20 29/08/2025[0m
[0;32mI (22329) ESP1: Nhan duoc: 10:28:21 29/08/2025[0m
[0;32mI (22329) ESP1: Gui di: 10:28:21 29/08/2025[0m
[0;32mI (23329) ESP1: Nhan duoc: 10:28:22 29/08/2025[0m
[0;32mI (23329) ESP1: Gui di: 10:28:22 29/08/2025[0m
[0;32mI (24329) ESP1: Nhan duoc: 10:28:23 29/08/2025[0m
[0;32mI (24329) ESP1: Gui di: 10:28:23 29/08/2025[0m
[0;32mI (25329) ESP1: Nhan duoc: 10:28:24 29/08/2025[0m
[0;32mI (25329) ESP1: Gui di: 10:28:24 29/08/2025[0m
[0;32mI (26329) ESP1: Nhan duoc: 10:28:25 29/08/2025[0m
[0;32mI (26329) ESP1: Gui di: 10:28:25 29/08/2025[0m
[0;32mI (27329) ESP1: Nhan duoc: 10:28:26 29/08/2025[0m
[0;32mI (27329) ESP1: Gui di: 10:28:26 29/08/2025[0m
[0;32mI (28329) ESP1: Nhan duoc: 10:28:27 29/08/2025[0m
[0;32mI (28329) ESP1: Gui di: 10:28:27 29/08/2025[0m
[0;32mI (29329) ESP1: Nhan duoc: 10:28:28 29/08/2025[0m
[0;32mI (29329) ESP1: Gui di: 10:28:28 29/08/2025[0m
[0;32mI (30329) ESP1: Nhan duoc: 10:28:29 29/08/2025[0m
[0;32mI (30329) ESP1: Gui di: 10:28:29 29/08/2025[0m
[0;32mI (31329) ESP1: Nhan duoc: 10:28:30 29/08/2025[0m
[0;32mI (31329) ESP1: Gui di: 10:28:30 29/08/2025[0m
[0;32mI (32329) ESP1: Nhan duoc: 10:28:31 29/08/2025[0m
[0;32mI (32329) ESP1: Gui di: 10:28:31 29/08/2025[0m
[0;32mI (33329) ESP1: Nhan duoc: 10:28:32 29/08/2025[0m
[0;32mI (33329) ESP1: Gui di: 10:28:32 29/08/2025[0m
[0;32mI (34329) ESP1: Nhan duoc: 10:28:33 29/08/2025[0m
[0;32mI (34329) ESP1: Gui di: 10:28:33 29/08/2025[0m
[0;32mI (35329) ESP1: Nhan duoc: 10:28:34 29/08/2025[0m
[0;32mI (35329) ESP1: Gui di: 10:28:34 29/08/2025[0m
[0;32mI (36329) ESP1: Nhan duoc: 10:28:35 29/08/2025[0m
[0;32mI (36329) ESP1: Gui di: 10:28:35 29/08/2025[0m
[0;32mI (37329) ESP1: Nhan duoc: 10:28:36 29/08/2025[0m
[0;32mI (37329) ESP1: Gui di: 10:28:36 29/08/2025[0m
[0;32mI (38329) ESP1: Nhan duoc: 10:28:37 29/08/2025[0m
[0;32mI (38329) ESP1: Gui di: 10:28:37 29/08/2025[0m
[0;32mI (39329) ESP1: Nhan duoc: 10:28:38 29/08/2025[0m
[0;32mI (39329) ESP1: Gui di: 10:28:38 29/08/2025[0m
[0;32mI (40329) ESP1: Nhan duoc: 10:28:39 29/08/2025[0m
[0;32mI (40329) ESP1: Gui di: 10:28:39 29/08/2025[0m
[0;32mI (41329) ESP1: Nhan duoc: 10:28:40 29/08/2025[0m
[0;32mI (41329) ESP1: Gui di: 10:28:40 29/08/2025[0m
[0;32mI (42329) ESP1: Nhan duoc: 10:28:41 29/08/2025[0m
[0;32mI (42329) ESP1: Gui di: 10:28:41 29/08/2025[0m
[0;32mI (43329) ESP1: Nhan duoc: 10:28:42 29/08/2025[0m
[0;32mI (43329) ESP1: Gui di: 10:28:42 29/08/2025[0m
[0;32mI (44329) ESP1: Nhan duoc: 10:28:43 29/08/2025[0m
[0;32mI (44329) ESP1: Gui di: 10:28:43 29/08/2025[0m
[0;32mI (45329) ESP1: Nhan duoc: 10:28:44 29/08/2025[0m
[0;32mI (45329) ESP1: Gui di: 10:28:44 29/08/2025[0m
[0;32mI (46329) ESP1: Nhan duoc: 10:28:45 29/08/2025[0m
[0;32mI (46329) ESP1: Gui di: 10:28:45 29/08/2025[0m
[0;32mI (47329) ESP1: Nhan duoc: 10:28:46 29/08/2025[0m
[0;32mI (47329) ESP1: Gui di: 10:28:46 29/08/2025[0m
[0;32mI (48329) ESP1: Nhan duoc: 10:28:47 29/08/2025[0m
[0;32mI (48329) ESP1: Gui di: 10:28:47 29/08/2025[0m
[0;32mI (49329) ESP1: Nhan duoc: 10:28:48 29/08/2025[0m
[0;32mI (49329) ESP1: Gui di: 10:28:48 29/08/2025[0m
[0;32mI (50329) ESP1: Nhan duoc: 10:28:49 29/08/2025[0m
[0;32mI (50329) ESP1: Gui di: 10:28:49 29/08/2025[0m
[0;32mI (51329) ESP1: Nhan duoc: 10:28:50 29/08/2025[0m
[0;32mI (51329) ESP1: Gui di: 10:28:50 29/08/2025[0m
[0;32mI (52329) ESP1: Nhan duoc: 10:28:51 29/08/2025[0m
[0;32mI (52329) ESP1: Gui di: 10:28:51 29/08/2025[0m
[0;32mI (53329) ESP1: Nhan duoc: 10:28:52 29/08/2025[0m
[0;32mI (53329) ESP1: Gui di: 10:28:52 29/08/2025[0m
[0;32mI (54329) ESP1: Nhan duoc: 10:28:53 29/08/2025[0m
[0;32mI (54329) ESP1: Gui di: 10:28:53 29/08/2025[0m
[0;32mI (55329) ESP1: Nhan duoc: 10:28:54 29/08/2025[0m
[0;32mI (55329) ESP1: Gui di: 10:28:54 29/08/2025[0m
[0;32mI (56329) ESP1: Nhan duoc: 10:28:55 29/08/2025[0m
[0;32mI (56329) ESP1: Gui di: 10:28:55 29/08/2025[0m
[0;32mI (57329) ESP1: Nhan duoc: 10:28:56 29/08/2025[0m
[0;32mI (57329) ESP1: Gui di: 10:28:56 29/08/2025[0m
[0;32mI (58329) ESP1: Nhan duoc: 10:28:57 29/08/2025[0m
[0;32mI (58329) ESP1: Gui di: 10:28:57 29/08/2025[0m
[0;32mI (59329) ESP1: Nhan duoc: 10:28:58 29/08/2025[0m
[0;32mI (59329) ESP1: Gui di: 10:28:58 29/08/2025[0m
[0;32mI (60329) ESP1: Nhan duoc: 10:28:59 29/08/2025[0m
[0;32mI (60329) ESP1: Gui di: 10:28:59 29/08/2025[0m
[0;32mI (61329) ESP1: Nhan duoc: 10:29:00 29/08/2025[0m
[0;32mI (61329) ESP1: Gui di: 10:29:00 29/08/2025[0m
[0;32mI (62329) ESP1: Nhan duoc: 10:29:01 29/08/2025[0m
[0;32mI (62329) ESP1: Gui di: 10:29:01 29/08/2025[0m
[0;32mI (63329) ESP1: Nhan duoc: 10:29:02 29/08/2025[0m
[0;32mI (63329) ESP1: Gui di: 10:29:02 29/08/2025[0m
[0;32mI (64329) ESP1: Nhan duoc: 10:29:03 29/08/2025[0m
[0;32mI (64329) ESP1: Gui di: 10:29:03 29/08/2025[0m
[0;32mI (65329) ESP1: Nhan duoc: 10:29:04 29/08/2025[0m
[0;32mI (65329) ESP1: Gui di: 10:29:04 29/08/2025[0m
[0;32mI (66329) ESP1: Nhan duoc: 10:29:05 29/08/2025[0m
[0;32mI (66329) ESP1: Gui di: 10:29:05 29/08/2025[0m
[0;32mI (67329) ESP1: Nhan duoc: 10:29:06 29/08/2025[0m
[0;32mI (67329) ESP1: Gui di: 10:29:06 29/08/2025[0m
[0;32mI (68329) ESP1: Nhan duoc: 10:29:07 29/08/2025[0m
[0;32mI (68329) ESP1: Gui di: 10:29:07 29/08/2025[0m
[0;32mI (69329) ESP1: Nhan duoc: 10:29:08 29/08/2025[0m
[0;32mI (69329) ESP1: Gui di: 10:29:08 29/08/2025[0m
[0;32mI (70329) ESP1: Nhan duoc: 10:29:09 29/08/2025[0m
[0;32mI (70329) ESP1: Gui di: 10:29:09 29/08/2025[0m
[0;32mI (71329) ESP1: Nhan duoc: 10:29:10 29/08/2025[0m
[0;32mI (71329) ESP1: Gui di: 10:29:10 29/08/2025[0m
[0;32mI (72329) ESP1: Nhan duoc: 10:29:11 29/08/2025[0m
[0;32mI (72329) ESP1: Gui di: 10:29:11 29/08/2025[0m
[0;32mI (73329) ESP1: Nhan duoc: 10:29:12 29/08/2025[0m
[0;32mI (73329) ESP1: Gui di: 10:29:12 29/08/2025[0m
[0;32mI (74329) ESP1: Nhan duoc: 10:29:13 29/08/2025[0m
[0;32mI (74329) ESP1: Gui di: 10:29:13 29/08/2025[0m
[0;32mI (75329) ESP1: Nhan duoc: 10:29:14 29/08/2025[0m
[0;32mI (75329) ESP1: Gui di: 10:29:14 29/08/2025[0m
[0;32mI (76329) ESP1: Nhan duoc: 10:29:15 29/08/2025[0m
[0;32mI (76329) ESP1: Gui di: 10:29:15 29/08/2025[0m
[0;32mI (77329) ESP1: Nhan duoc: 10:29:16 29/08/2025[0m
[0;32mI (77329) ESP1: Gui di: 10:29:16 29/08/2025[0m
[0;32mI (78329) ESP1: Nhan duoc: 10:29:17 29/08/2025[0m
[0;32mI (78329) ESP1: Gui di: 10:29:17 29/08/2025[0m
[0;32mI (79329) ESP1: Nhan duoc: 10:29:18 29/08/2025[0m
[0;32mI (79329) ESP1: Gui di: 10:29:18 29/08/2025[0m
[0;32mI (80329) ESP1: Nhan duoc: 10:29:19 29/08/2025[0m
[0;32mI (80329) ESP1: Gui di: 10:29:19 29/08/2025[0m
[0;32mI (81329) ESP1: Nhan duoc: 10:29:20 29/08/2025[0m
[0;32mI (81329) ESP1: Gui di: 10:29:20 29/08/2025[0m
[0;32mI (82329) ESP1: Nhan duoc: 10:29:21 29/08/2025[0m
[0;32mI (82329) ESP1: Gui di: 10:29:21 29/08/2025[0m
[0;32mI (83329) ESP1: Nhan duoc: 10:29:22 29/08/2025[0m
[0;32mI (83329) ESP1: Gui di: 10:29:22 29/08/2025[0m
[0;32mI (84329) ESP1: Nhan duoc: 10:29:23 29/08/2025[0m
[0;32mI (84329) ESP1: Gui di: 10:29:23 29/08/2025[0m
[0;32mI (85329) ESP1: Nhan duoc: 10:29:24 29/08/2025[0m
[0;32mI (85329) ESP1: Gui di: 10:29:24 29/08/2025[0m
[0;32mI (86329) ESP1: Nhan duoc: 10:29:25 29/08/2025[0m
[0;32mI (86329) ESP1: Gui di: 10:29:25 29/08/2025[0m
[0;32mI (87329) ESP1: Nhan duoc: 10:29:26 29/08/2025[0m
[0;32mI (87329) ESP1: Gui di: 10:29:26 29/08/2025[0m
[0;32mI (88329) ESP1: Nhan duoc: 10:29:27 29/08/2025[0m
[0;32mI (88329) ESP1: Gui di: 10:29:27 29/08/2025[0m
[0;32mI (89329) ESP1: Nhan duoc: 10:29:28 29/08/2025[0m
[0;32mI (89329) ESP1: Gui di: 10:29:28 29/08/2025[0m
[0;32mI (90329) ESP1: Nhan duoc: 10:29:29 29/08/2025[0m
[0;32mI (90329) ESP1: Gui di: 10:29:29 29/08/2025[0m
[0;32mI (91329) ESP1: Nhan duoc: 10:29:30 29/08/2025[0m
[0;32mI (91329) ESP1: Gui di: 10:29:30 29/08/2025[0m
[0;32mI (92329) ESP1: Nhan duoc: 10:29:31 29/08/2025[0m
[0;32mI (92329) ESP1: Gui di: 10:29:31 29/08/2025[0m
[0;32mI (93329) ESP1: Nhan duoc: 10:29:32 29/08/2025[0m
[0;32mI (93329) ESP1: Gui di: 10:29:32 29/08/2025[0m
[0;32mI (94329) ESP1: Nhan duoc: 10:29:33 29/08/2025[0m
[0;32mI (94329) ESP1: Gui di: 10:29:33 29/08/2025[0m
[0;32mI (95329) ESP1: Nhan duoc: 10:29:34 29/08/2025[0m
[0;32mI (95329) ESP1: Gui di: 10:29:34 29/08/2025[0m
[0;32mI (96329) ESP1: Nhan duoc: 10:29:35 29/08/2025[0m
[0;32mI (96329) ESP1: Gui di: 10:29:35 29/08/2025[0m
[0;32mI (97329) ESP1: Nhan duoc: 10:29:36 29/08/2025[0m
[0;32mI (97329) ESP1: Gui di: 10:29:36 29/08/2025[0m
[0;32mI (98329) ESP1: Nhan duoc: 10:29:37 29/08/2025[0m
[0;32mI (98329) ESP1: Gui di: 10:29:37 29/08/2025[0m
[0;32mI (99329) ESP1: Nhan duoc: 10:29:38 29/08/2025[0m
[0;32mI (99329) ESP1: Gui di: 10:29:38 29/08/2025[0m
[0;32mI (100329) ESP1: Nhan duoc: 10:29:39 29/08/2025[0m
[0;32mI (100329) ESP1: Gui di: 10:29:39 29/08/2025[0m
[0;32mI (101329) ESP1: Nhan duoc: 10:29:40 29/08/2025[0m
[0;32mI (101329) ESP1: Gui di: 10:29:40 29/08/2025[0m
[0;32mI (102329) ESP1: Nhan duoc: 10:29:41 29/08/2025[0m
[0;32mI (102329) ESP1: Gui di: 10:29:41 29/08/2025[0m
[0;32mI (103329) ESP1: Nhan duoc: 10:29:42 29/08/2025[0m
[0;32mI (103329) ESP1: Gui di: 10:29:42 29/08/2025[0m
[0;32mI (104329) ESP1: Nhan duoc: 10:29:43 29/08/2025[0m
[0;32mI (104329) ESP1: Gui di: 10:29:43 29/08/2025[0m
[0;32mI (105329) ESP1: Nhan duoc: 10:29:44 29/08/2025[0m
[0;32mI (105329) ESP1: Gui di: 10:29:44 29/08/2025[0m
[0;32mI (106329) ESP1: Nhan duoc: 10:29:45 29/08/2025[0m
[0;32mI (106329) ESP1: Gui di: 10:29:45 29/08/2025[0m
[0;32mI (107329) ESP1: Nhan duoc: 10:29:46 29/08/2025[0m
[0;32mI (107329) ESP1: Gui di: 10:29:46 29/08/2025[0m
[0;32mI (108329) ESP1: Nhan duoc: 10:29:47 29/08/2025[0m
[0;32mI (108329) ESP1: Gui di: 10:29:47 29/08/2025[0m
[0;32mI (109329) ESP1: Nhan duoc: 10:29:48 29/08/2025[0m
[0;32mI (109329) ESP1: Gui di: 10:29:48 29/08/2025[0m
[0;32mI (110329) ESP1: Nhan duoc: 10:29:49 29/08/2025[0m
[0;32mI (110329) ESP1: Gui di: 10:29:49 29/08/2025[0m
[0;32mI (111329) ESP1: Nhan duoc: 10:29:50 29/08/2025[0m
[0;32mI (111329) ESP1: Gui di: 10:29:50 29/08/2025[0m
[0;32mI (112329) ESP1: Nhan duoc: 10:29:51 29/08/2025[0m
[0;32mI (112329) ESP1: Gui di: 10:29:51 29/08/2025[0m
[0;32mI (113329) ESP1: Nhan duoc: 10:29:52 29/08/2025[0m
[0;32mI (113329) ESP1: Gui di: 10:29:52 29/08/2025[0m
[0;32mI (114329) ESP1: Nhan duoc: 10:29:53 29/08/2025[0m
[0;32mI (114329) ESP1: Gui di: 10:29:53 29/08/2025[0m
[0;32mI (115329) ESP1: Nhan duoc: 10:29:54 29/08/2025[0m
[0;32mI (115329) ESP1: Gui di: 10:29:54 29/08/2025[0m
[0;32mI (116329) ESP1: Nhan duoc: 10:29:55 29/08/2025[0m
[0;32mI (116329) ESP1: Gui di: 10:29:55 29/08/2025[0m
[0;32mI (117329) ESP1: Nhan duoc: 10:29:56 29/08/2025[0m
[0;32mI (117329) ESP1: Gui di: 10:29:56 29/08/2025[0m
[0;32mI (118329) ESP1: Nhan duoc: 10:29:57 29/08/2025[0m
[0;32mI (118329) ESP1: Gui di: 10:29:57 29/08/2025[0m
[0;32mI (119329) ESP1: Nhan duoc: 10:29:58 29/08/2025[0m
[0;32mI (119329) ESP1: Gui di: 10:29:58 29/08/2025[0m
[0;32mI (120329) ESP1: Nhan duoc: 10:29:59 29/08/2025[0m
[0;32mI (120329) ESP1: Gui di: 10:29:59 29/08/2025[0m
[0;32mI (121329) ESP1: Nhan duoc: 10:30:00 29/08/2025[0m
[0;32mI (121329) ESP1: Gui di: 10:30:00 29/08/2025[0m
[0;32mI (122329) ESP1: Nhan duoc: 10:30:01 29/08/2025[0m
[0;32mI (122329) ESP1: Gui di: 10:30:01 29/08/2025[0m
ets Jul 29 2019 12:21:46

rst:0x1 (POWERON_RESET),boot:0x13 (SPI_FAST_FLASH_BOOT)
configsip: 0, SPIWP:0xee
clk_drv:0x00,q_drv:0x00,d_drv:0x00,cs0_drv:0x00,hd_drv:0x00,wp_drv:0x00
mode:DIO, clock div:2
load:0x3fff0030,len:6380
ho 0 tail 12 room 4
load:0x40078000,len:15916
load:0x40080400,len:3860
entry 0x40080638
[0;32mI (29) boot: ESP-IDF v5.5-dirty 2nd stage bootloader[0m
[0;32mI (29) boot: compile time Aug 29 2025 10:30:35[0m
[0;32mI (29) boot: Multicore bootloader[0m
[0;32mI (31) boot: chip revision: v3.1[0m
[0;32mI (34) boot.esp32: SPI Speed      : 40MHz[0m
[0;32mI (37) boot.esp32: SPI Mode       : DIO[0m
[0;32mI (41) boot.esp32: SPI Flash Size : 2MB[0m
[0;32mI (45) boot: Enabling RNG early entropy source...[0m
[0;32mI (49) boot: Partition Table:[0m
[0;32mI (52) boot: ## Label            Usage          Type ST Offset   Length[0m
[0;32mI (58) boot:  0 nvs              WiFi data        01 02 00009000 00006000[0m
[0;32mI (65) boot:  1 phy_init         RF data          01 01 0000f000 00001000[0m
[0;32mI (71) boot:  2 factory          factory app      00 00 00010000 00100000[0m
[0;32mI (78) boot: End of partition table[0m
[0;32mI (81) esp_image: segment 0: paddr=00010020 vaddr=3f400020 size=0a554h ( 42324) map[0m
[0;32mI (103) esp_image: segment 1: paddr=0001a57c vaddr=3ff80000 size=00020h (    32) load[0m
[0;32mI (103) esp_image: segment 2: paddr=0001a5a4 vaddr=3ffb0000 size=02338h (  9016) load[0m
[0;32mI (110) esp_image: segment 3: paddr=0001c8e4 vaddr=40080000 size=03734h ( 14132) load[0m
[0;32mI (120) esp_image: segment 4: paddr=00020020 vaddr=400d0020 size=1ba08h (113160) map[0m
[0;32mI (160) esp_image: segment 5: paddr=0003ba30 vaddr=40083734 size=0aea8h ( 44712) load[0m
[0;32mI (185) boot: Loaded app from partition at offset 0x10000[0m
[0;32mI (185) boot: Disabling RNG early entropy source...[0m
[0;32mI (196) cpu_start: Multicore app[0m
[0;32mI (204) cpu_start: Pro cpu start user code[0m
[0;32mI (204) cpu_start: cpu freq: 160000000 Hz[0m
[0;32mI (204) app_init: Application information:[0m
[0;32mI (204) app_init: Project name:     uart_rtos_main[0m
[0;32mI (209) app_init: App version:      v5.5-dirty[0m
[0;32mI (213) app_init: Compile time:     Aug 29 2025 10:44:28[0m
[0;32mI (218) app_init: ELF file SHA256:  0c16cd61c...[0m
[0;32mI (222) app_init: ESP-IDF:          v5.5-dirty[0m
[0;32mI (226) efuse_init: Min chip rev:     v0.0[0m
[0;32mI (230) efuse_init: Max chip rev:     v3.99 [0m
[0;32mI (234) efuse_init: Chip rev:         v3.1[0m
[0;32mI (238) heap_init: Initializing. RAM available for dynamic allocation:[0m
[0;32mI (244) heap_init: At 3FFAE6E0 len 00001920 (6 KiB): DRAM[0m
[0;32mI (249) heap_init: At 3FFB2BF0 len 0002D410 (181 KiB): DRAM[0m
[0;32mI (255) heap_init: At 3FFE0440 len 00003AE0 (14 KiB): D/IRAM[0m
[0;32mI (260) heap_init: At 3FFE4350 len 0001BCB0 (111 KiB): D/IRAM[0m
[0;32mI (265) heap_init: At 4008E5DC len 00011A24 (70 KiB): IRAM[0m
[0;33mW (271) spi_flash: boya detected but related driver is not linked, please check option `SPI_FLASH_SUPPORT_BOYA_CHIP`[0m
[0;32mI (281) spi_flash: detected chip: generic[0m
[0;32mI (285) spi_flash: flash io: dio[0m
[0;33mW (288) spi_flash: Detected size(4096k) larger than the size in the binary image header(2048k). Using the size in the binary image header.[0m
[0;33mW (300) i2c: This driver is an old driver, please migrate your application code to adapt `driver/i2c_master.h`[0m
[0;32mI (310) main_task: Started on CPU0[0m
[0;32mI (313) main_task: Calling app_main()[0m
[0;32mI (317) i2c_hw: I2C initialized on port 0 (clk 100000)[0m
[0;32mI (321) uart_hw: UART initialized on port 1 @ 115200[0m
[0;32mI (327) send_service: Sending: 2025-08-29 12:00:00 - CR2032: 3.00V[0m

[0;32mI (534) send_service: Sending: 2025-08-29 12:00:00 - CR2032: 3.00V[0m

[0;32mI (738) send_service: Sending: 2025-08-29 12:00:00 - CR2032: 3.00V[0m

[0;32mI (942) send_service: Sending: 2025-08-29 12:00:00 - CR2032: 3.00V[0m

[0;32mI (1146) send_service: Sending: 2025-08-29 12:00:00 - CR2032: 3.00V[0m

[0;32mI (1350) send_service: Sending: 2025-08-29 12:00:01 - CR2032: 3.00V[0m

[0;32mI (1554) send_service: Sending: 2025-08-29 12:00:01 - CR2032: 3.00V[0m

[0;32mI (1758) send_service: Sending: 2025-08-29 12:00:01 - CR2032: 3.00V[0m

[0;32mI (1962) send_service: Sending: 2025-08-29 12:00:01 - CR2032: 3.00V[0m

[0;32mI (2166) send_service: Sending: 2025-08-29 12:00:01 - CR2032: 3.00V[0m

[0;32mI (2370) send_service: Sending: 2025-08-29 12:00:02 - CR2032: 3.00V[0m

[0;32mI (2574) send_service: Sending: 2025-08-29 12:00:02 - CR2032: 3.00V[0m

[0;32mI (2778) send_service: Sending: 2025-08-29 12:00:02 - CR2032: 3.00V[0m

[0;32mI (2982) send_service: Sending: 2025-08-29 12:00:02 - CR2032: 3.00V[0m

[0;32mI (3186) send_service: Sending: 2025-08-29 12:00:02 - CR2032: 3.00V[0m

[0;32mI (3390) send_service: Sending: 2025-08-29 12:00:03 - CR2032: 3.00V[0m

[0;32mI (3594) send_service: Sending: 2025-08-29 12:00:03 - CR2032: 3.00V[0m

[0;32mI (3798) send_service: Sending: 2025-08-29 12:00:03 - CR2032: 3.00V[0m

[0;32mI (4002) send_service: Sending: 2025-08-29 12:00:03 - CR2032: 3.00V[0m

[0;32mI (4206) send_service: Sending: 2025-08-29 12:00:03 - CR2032: 3.00V[0m

[0;32mI (4410) send_service: Sending: 2025-08-29 12:00:04 - CR2032: 3.00V[0m

[0;32mI (4614) send_service: Sending: 2025-08-29 12:00:04 - CR2032: 3.00V[0m

[0;32mI (4818) send_service: Sending: 2025-08-29 12:00:04 - CR2032: 3.00V[0m

[0;32mI (5022) send_service: Sending: 2025-08-29 12:00:04 - CR2032: 3.00V[0m

[0;32mI (5226) send_service: Sending: 2025-08-29 12:00:04 - CR2032: 3.00V[0m

[0;32mI (5430) send_service: Sending: 2025-08-29 12:00:05 - CR2032: 3.00V[0m

[0;32mI (5634) send_service: Sending: 2025-08-29 12:00:05 - CR2032: 3.00V[0m

[0;32mI (5838) send_service: Sending: 2025-08-29 12:00:05 - CR2032: 3.00V[0m

[0;32mI (6042) send_service: Sending: 2025-08-29 12:00:05 - CR2032: 3.00V[0m

[0;32mI (6246) send_service: Sending: 2025-08-29 12:00:05 - CR2032: 3.00V[0m

[0;32mI (6450) send_service: Sending: 2025-08-29 12:00:06 - CR2032: 3.00V[0m

[0;32mI (6654) send_service: Sending: 2025-08-29 12:00:06 - CR2032: 3.00V[0m

[0;32mI (6858) send_service: Sending: 2025-08-29 12:00:06 - CR2032: 3.00V[0m

[0;32mI (7062) send_service: Sending: 2025-08-29 12:00:06 - CR2032: 3.00V[0m

ets Jul 29 2019 12:21:46

rst:0x1 (POWERON_RESET),boot:0x13 (SPI_FAST_FLASH_BOOT)
configsip: 0, SPIWP:0xee
clk_drv:0x00,q_drv:0x00,d_drv:0x00,cs0_drv:0x00,hd_drv:0x00,wp_drv:0x00
mode:DIO, clock div:2
load:0x3fff0030,len:6380
ho 0 tail 12 room 4
load:0x40078000,len:15916
load:0x40080400,len:3860
entry 0x40080638
[0;32mI (29) boot: ESP-IDF v5.5-dirty 2nd stage bootloader[0m
[0;32mI (29) boot: compile time Aug 29 2025 10:30:35[0m
[0;32mI (29) boot: Multicore bootloader[0m
[0;32mI (31) boot: chip revision: v3.1[0m
[0;32mI (34) boot.esp32: SPI Speed      : 40MHz[0m
[0;32mI (37) boot.esp32: SPI Mode       : DIO[0m
[0;32mI (41) boot.esp32: SPI Flash Size : 2MB[0m
[0;32mI (45) boot: Enabling RNG early entropy source...[0m
[0;32mI (49) boot: Partition Table:[0m
[0;32mI (52) boot: ## Label            Usage          Type ST Offset   Length[0m
[0;32mI (58) boot:  0 nvs              WiFi data        01 02 00009000 00006000[0m
[0;32mI (65) boot:  1 phy_init         RF data          01 01 0000f000 00001000[0m
[0;32mI (71) boot:  2 factory          factory app      00 00 00010000 00100000[0m
[0;32mI (78) boot: End of partition table[0m
[0;32mI (81) esp_image: segment 0: paddr=00010020 vaddr=3f400020 size=0a554h ( 42324) map[0m
[0;32mI (103) esp_image: segment 1: paddr=0001a57c vaddr=3ff80000 size=00020h (    32) load[0m
[0;32mI (103) esp_image: segment 2: paddr=0001a5a4 vaddr=3ffb0000 size=02338h (  9016) load[0m
[0;32mI (110) esp_image: segment 3: paddr=0001c8e4 vaddr=40080000 size=03734h ( 14132) load[0m
[0;32mI (120) esp_image: segment 4: paddr=00020020 vaddr=400d0020 size=1ba08h (113160) map[0m
[0;32mI (160) esp_image: segment 5: paddr=0003ba30 vaddr=40083734 size=0aea8h ( 44712) load[0m
[0;32mI (185) boot: Loaded app from partition at offset 0x10000[0m
[0;32mI (185) boot: Disabling RNG early entropy source...[0m
[0;32mI (196) cpu_start: Multicore app[0m
[0;32mI (204) cpu_start: Pro cpu start user code[0m
[0;32mI (204) cpu_start: cpu freq: 160000000 Hz[0m
[0;32mI (204) app_init: Application information:[0m
[0;32mI (204) app_init: Project name:     uart_rtos_main[0m
[0;32mI (209) app_init: App version:      v5.5-dirty[0m
[0;32mI (213) app_init: Compile time:     Aug 29 2025 10:44:28[0m
[0;32mI (218) app_init: ELF file SHA256:  0c16cd61c...[0m
[0;32mI (222) app_init: ESP-IDF:          v5.5-dirty[0m
[0;32mI (226) efuse_init: Min chip rev:     v0.0[0m
[0;32mI (230) efuse_init: Max chip rev:     v3.99 [0m
[0;32mI (234) efuse_init: Chip rev:         v3.1[0m
[0;32mI (238) heap_init: Initializing. RAM available for dynamic allocation:[0m
[0;32mI (244) heap_init: At 3FFAE6E0 len 00001920 (6 KiB): DRAM[0m
[0;32mI (249) heap_init: At 3FFB2BF0 len 0002D410 (181 KiB): DRAM[0m
[0;32mI (255) heap_init: At 3FFE0440 len 00003AE0 (14 KiB): D/IRAM[0m
[0;32mI (260) heap_init: At 3FFE4350 len 0001BCB0 (111 KiB): D/IRAM[0m
[0;32mI (265) heap_init: At 4008E5DC len 00011A24 (70 KiB): IRAM[0m
[0;33mW (271) spi_flash: boya detected but related driver is not linked, please check option `SPI_FLASH_SUPPORT_BOYA_CHIP`[0m
[0;32mI (281) spi_flash: detected chip: generic[0m
[0;32mI (285) spi_flash: flash io: dio[0m
[0;33mW (288) spi_flash: Detected size(4096k) larger than the size in the binary image header(2048k). Using the size in the binary image header.[0m
[0;33mW (300) i2c: This driver is an old driver, please migrate your application code to adapt `driver/i2c_master.h`[0m
[0;32mI (310) main_task: Started on CPU0[0m
[0;32mI (313) main_task: Calling app_main()[0m
[0;32mI (317) i2c_hw: I2C initialized on port 0 (clk 100000)[0m
[0;32mI (321) uart_hw: UART initialized on port 1 @ 115200[0m
[0;32mI (327) send_service: Sending: 2025-08-29 12:00:00 - CR2032: 3.00V[0m

[0;32mI (534) send_service: Sending: 2025-08-29 12:00:00 - CR2032: 3.00V[0m

[0;32mI (738) send_service: Sending: 2025-08-29 12:00:00 - CR2032: 3.00V[0m

[0;32mI (942) send_service: Sending: 2025-08-29 12:00:00 - CR2032: 3.00V[0m

[0;32mI (1146) send_service: Sending: 2025-08-29 12:00:00 - CR2032: 3.00V[0m

[0;32mI (1350) send_service: Sending: 2025-08-29 12:00:01 - CR2032: 3.00V[0m

[0;32mI (1554) send_service: Sending: 2025-08-29 12:00:01 - CR2032: 3.00V[0m

[0;32mI (1758) send_service: Sending: 2025-08-29 12:00:01 - CR2032: 3.00V[0m

[0;32mI (1962) send_service: Sending: 2025-08-29 12:00:01 - CR2032: 3.00V[0m

[0;32mI (2166) send_service: Sending: 2025-08-29 12:00:01 - CR2032: 3.00V[0m

[0;32mI (2370) send_service: Sending: 2025-08-29 12:00:02 - CR2032: 3.00V[0m

[0;32mI (2574) send_service: Sending: 2025-08-29 12:00:02 - CR2032: 3.00V[0m

[0;32mI (2778) send_service: Sending: 2025-08-29 12:00:02 - CR2032: 3.00V[0m

[0;32mI (2982) send_service: Sending: 2025-08-29 12:00:02 - CR2032: 3.00V[0m

[0;32mI (3186) send_service: Sending: 2025-08-29 12:00:02 - CR2032: 3.00V[0m

[0;32mI (3390) send_service: Sending: 2025-08-29 12:00:03 - CR2032: 3.00V[0m

[0;32mI (3594) send_service: Sending: 2025-08-29 12:00:03 - CR2032: 3.00V[0m

[0;32mI (3798) send_service: Sending: 2025-08-29 12:00:03 - CR2032: 3.00V[0m

[0;32mI (4002) send_service: Sending: 2025-08-29 12:00:03 - CR2032: 3.00V[0m

[0;32mI (4206) send_service: Sending: 2025-08-29 12:00:03 - CR2032: 3.00V[0m

[0;32mI (4410) send_service: Sending: 2025-08-29 12:00:04 - CR2032: 3.00V[0m

[0;32mI (4614) send_service: Sending: 2025-08-29 12:00:04 - CR2032: 3.00V[0m

[0;32mI (4818) send_service: Sending: 2025-08-29 12:00:04 - CR2032: 3.00V[0m

[0;32mI (5022) send_service: Sending: 2025-08-29 12:00:04 - CR2032: 3.00V[0m

[0;32mI (5226) send_service: Sending: 2025-08-29 12:00:04 - CR2032: 3.00V[0m

[0;32mI (5430) send_service: Sending: 2025-08-29 12:00:05 - CR2032: 3.00V[0m

[0;32mI (5634) send_service: Sending: 2025-08-29 12:00:05 - CR2032: 3.00V[0m

[0;32mI (5838) send_service: Sending: 2025-08-29 12:00:05 - CR2032: 3.00V[0m

[0;32mI (6042) send_service: Sending: 2025-08-29 12:00:05 - CR2032: 3.00V[0m

[0;32mI (6246) send_service: Sending: 2025-08-29 12:00:05 - CR2032: 3.00V[0m

[0;32mI (6450) send_service: Sending: 2025-08-29 12:00:06 - CR2032: 3.00V[0m

[0;32mI (6654) send_service: Sending: 2025-08-29 12:00:06 - CR2032: 3.00V[0m

[0;32mI (6858) send_service: Sending: 2025-08-29 12:00:06 - CR2032: 3.00V[0m

[0;32mI (7062) send_service: Sending: 2025-08-29 12:00:06 - CR2032: 3.00V[0m

[0;32mI (7266) send_service: Sending: 2025-08-29 12:00:06 - CR2032: 3.00V[0m

[0;32mI (7470) send_service: Sending: 2025-08-29 12:00:07 - CR2032: 3.00V[0m

[0;32mI (7674) send_service: Sending: 2025-08-29 12:00:07 - CR2032: 3.00V[0m

[0;32mI (7878) send_service: Sending: 2025-08-29 12:00:07 - CR2032: 3.00V[0m

[0;32mI (8082) send_service: Sending: 2025-08-29 12:00:07 - CR2032: 3.00V[0m

[0;32mI (8286) send_service: Sending: 2025-08-29 12:00:07 - CR2032: 3.00V[0m

[0;32mI (8490) send_service: Sending: 2025-08-29 12:00:08 - CR2032: 3.00V[0m

[0;32mI (8694) send_service: Sending: 2025-08-29 12:00:08 - CR2032: 3.00V[0m

[0;32mI (8898) send_service: Sending: 2025-08-29 12:00:08 - CR2032: 3.00V[0m

[0;32mI (9102) send_service: Sending: 2025-08-29 12:00:08 - CR2032: 3.00V[0m

[0;32mI (9306) send_service: Sending: 2025-08-29 12:00:08 - CR2032: 3.00V[0m

[0;32mI (9510) send_service: Sending: 2025-08-29 12:00:09 - CR2032: 3.00V[0m

[0;32mI (9714) send_service: Sending: 2025-08-29 12:00:09 - CR2032: 3.00V[0m

[0;32mI (9918) send_service: Sending: 2025-08-29 12:00:09 - CR2032: 3.00V[0m

[0;32mI (10122) send_service: Sending: 2025-08-29 12:00:09 - CR2032: 3.00V[0m

[0;32mI (10326) send_service: Sending: 2025-08-29 12:00:10 - CR2032: 3.00V[0m

[0;32mI (10530) send_service: Sending: 2025-08-29 12:00:10 - CR2032: 3.00V[0m

[0;32mI (10734) send_service: Sending: 2025-08-29 12:00:10 - CR2032: 3.00V[0m

[0;32mI (10938) send_service: Sending: 2025-08-29 12:00:10 - CR2032: 3.00V[0m

[0;32mI (11142) send_service: Sending: 2025-08-29 12:00:10 - CR2032: 3.00V[0m

[0;32mI (11346) send_service: Sending: 2025-08-29 12:00:11 - CR2032: 3.00V[0m

[0;32mI (11550) send_service: Sending: 2025-08-29 12:00:11 - CR2032: 3.00V[0m

[0;32mI (11754) send_service: Sending: 2025-08-29 12:00:11 - CR2032: 3.00V[0m

[0;32mI (11958) send_service: Sending: 2025-08-29 12:00:11 - CR2032: 3.00V[0m

[0;32mI (12162) send_service: Sending: 2025-08-29 12:00:11 - CR2032: 3.00V[0m

[0;32mI (12366) send_service: Sending: 2025-08-29 12:00:12 - CR2032: 3.00V[0m

[0;32mI (12570) send_service: Sending: 2025-08-29 12:00:12 - CR2032: 3.00V[0m

[0;32mI (12774) send_service: Sending: 2025-08-29 12:00:12 - CR2032: 3.00V[0m

[0;32mI (12978) send_service: Sending: 2025-08-29 12:00:12 - CR2032: 3.00V[0m

[0;32mI (13182) send_service: Sending: 2025-08-29 12:00:12 - CR2032: 3.00V[0m

[0;32mI (13386) send_service: Sending: 2025-08-29 12:00:13 - CR2032: 3.00V[0m

[0;32mI (13590) send_service: Sending: 2025-08-29 12:00:13 - CR2032: 3.00V[0m

[0;32mI (13794) send_service: Sending: 2025-08-29 12:00:13 - CR2032: 3.00V[0m

[0;32mI (13998) send_service: Sending: 2025-08-29 12:00:13 - CR2032: 3.00V[0m

[0;32mI (14202) send_service: Sending: 2025-08-29 12:00:13 - CR2032: 3.00V[0m

[0;32mI (14406) send_service: Sending: 2025-08-29 12:00:14 - CR2032: 3.00V[0m

[0;32mI (14610) send_service: Sending: 2025-08-29 12:00:14 - CR2032: 3.00V[0m

[0;32mI (14814) send_service: Sending: 2025-08-29 12:00:14 - CR2032: 3.00V[0m

[0;32mI (15018) send_service: Sending: 2025-08-29 12:00:14 - CR2032: 3.00V[0m

[0;32mI (15222) send_service: Sending: 2025-08-29 12:00:14 - CR2032: 3.00V[0m

[0;32mI (15426) send_service: Sending: 2025-08-29 12:00:15 - CR2032: 3.00V[0m

[0;32mI (15630) send_service: Sending: 2025-08-29 12:00:15 - CR2032: 3.00V[0m

[0;32mI (15834) send_service: Sending: 2025-08-29 12:00:15 - CR2032: 3.00V[0m

[0;32mI (16038) send_service: Sending: 2025-08-29 12:00:15 - CR2032: 3.00V[0m

[0;32mI (16242) send_service: Sending: 2025-08-29 12:00:15 - CR2032: 3.00V[0m

[0;32mI (16446) send_service: Sending: 2025-08-29 12:00:16 - CR2032: 3.00V[0m

[0;32mI (16650) send_service: Sending: 2025-08-29 12:00:16 - CR2032: 3.00V[0m

[0;32mI (16854) send_service: Sending: 2025-08-29 12:00:16 - CR2032: 3.00V[0m

[0;32mI (17058) send_service: Sending: 2025-08-29 12:00:16 - CR2032: 3.00V[0m

[0;32mI (17262) send_service: Sending: 2025-08-29 12:00:16 - CR2032: 3.00V[0m

[0;32mI (17466) send_service: Sending: 2025-08-29 12:00:17 - CR2032: 3.00V[0m

[0;32mI (17670) send_service: Sending: 2025-08-29 12:00:17 - CR2032: 3.00V[0m

[0;32mI (17874) send_service: Sending: 2025-08-29 12:00:17 - CR2032: 3.00V[0m

[0;32mI (18078) send_service: Sending: 2025-08-29 12:00:17 - CR2032: 3.00V[0m

[0;32mI (18282) send_service: Sending: 2025-08-29 12:00:17 - CR2032: 3.00V[0m

[0;32mI (18486) send_service: Sending: 2025-08-29 12:00:18 - CR2032: 3.00V[0m

[0;32mI (18690) send_service: Sending: 2025-08-29 12:00:18 - CR2032: 3.00V[0m

[0;32mI (18894) send_service: Sending: 2025-08-29 12:00:18 - CR2032: 3.00V[0m

[0;32mI (19098) send_service: Sending: 2025-08-29 12:00:18 - CR2032: 3.00V[0m

[0;32mI (19302) send_service: Sending: 2025-08-29 12:00:18 - CR2032: 3.00V[0m

[0;32mI (19506) send_service: Sending: 2025-08-29 12:00:19 - CR2032: 3.00V[0m

[0;32mI (19710) send_service: Sending: 2025-08-29 12:00:19 - CR2032: 3.00V[0m

[0;32mI (19914) send_service: Sending: 2025-08-29 12:00:19 - CR2032: 3.00V[0m

[0;32mI (20118) send_service: Sending: 2025-08-29 12:00:19 - CR2032: 3.00V[0m

[0;32mI (20322) send_service: Sending: 2025-08-29 12:00:20 - CR2032: 3.00V[0m

[0;32mI (20526) send_service: Sending: 2025-08-29 12:00:20 - CR2032: 3.00V[0m

[0;32mI (20730) send_service: Sending: 2025-08-29 12:00:20 - CR2032: 3.00V[0m

[0;32mI (20934) send_service: Sending: 2025-08-29 12:00:20 - CR2032: 3.00V[0m

[0;32mI (21138) send_service: Sending: 2025-08-29 12:00:20 - CR2032: 3.00V[0m

[0;32mI (21342) send_service: Sending: 2025-08-29 12:00:21 - CR2032: 3.00V[0m

[0;32mI (21546) send_service: Sending: 2025-08-29 12:00:21 - CR2032: 3.00V[0m

[0;32mI (21750) send_service: Sending: 2025-08-29 12:00:21 - CR2032: 3.00V[0m

[0;32mI (21954) send_service: Sending: 2025-08-29 12:00:21 - CR2032: 3.00V[0m

[0;32mI (22158) send_service: Sending: 2025-08-29 12:00:21 - CR2032: 3.00V[0m

[0;32mI (22362) send_service: Sending: 2025-08-29 12:00:22 - CR2032: 3.00V[0m

[0;32mI (22566) send_service: Sending: 2025-08-29 12:00:22 - CR2032: 3.00V[0m

[0;32mI (22770) send_service: Sending: 2025-08-29 12:00:22 - CR2032: 3.00V[0m

[0;32mI (22974) send_service: Sending: 2025-08-29 12:00:22 - CR2032: 3.00V[0m

[0;32mI (23178) send_service: Sending: 2025-08-29 12:00:22 - CR2032: 3.00V[0m

[0;32mI (23382) send_service: Sending: 2025-08-29 12:00:23 - CR2032: 3.00V[0m

[0;32mI (23586) send_service: Sending: 2025-08-29 12:00:23 - CR2032: 3.00V[0m

[0;32mI (23790) send_service: Sending: 2025-08-29 12:00:23 - CR2032: 3.00V[0m

[0;32mI (23994) send_service: Sending: 2025-08-29 12:00:23 - CR2032: 3.00V[0m

[0;32mI (24198) send_service: Sending: 2025-08-29 12:00:23 - CR2032: 3.00V[0m

[0;32mI (24402) send_service: Sending: 2025-08-29 12:00:24 - CR2032: 3.00V[0m

[0;32mI (24606) send_service: Sending: 2025-08-29 12:00:24 - CR2032: 3.00V[0m

[0;32mI (24810) send_service: Sending: 2025-08-29 12:00:24 - CR2032: 3.00V[0m

[0;32mI (25014) send_service: Sending: 2025-08-29 12:00:24 - CR2032: 3.00V[0m

[0;32mI (25218) send_service: Sending: 2025-08-29 12:00:24 - CR2032: 3.00V[0m

[0;32mI (25422) send_service: Sending: 2025-08-29 12:00:25 - CR2032: 3.00V[0m

[0;32mI (25626) send_service: Sending: 2025-08-29 12:00:25 - CR2032: 3.00V[0m

[0;32mI (25830) send_service: Sending: 2025-08-29 12:00:25 - CR2032: 3.00V[0m

[0;32mI (26034) send_service: Sending: 2025-08-29 12:00:25 - CR2032: 3.00V[0m

[0;32mI (26238) send_service: Sending: 2025-08-29 12:00:25 - CR2032: 3.00V[0m

[0;32mI (26442) send_service: Sending: 2025-08-29 12:00:26 - CR2032: 3.00V[0m

[0;32mI (26646) send_service: Sending: 2025-08-29 12:00:26 - CR2032: 3.00V[0m

[0;32mI (26850) send_service: Sending: 2025-08-29 12:00:26 - CR2032: 3.00V[0m

[0;32mI (27054) send_service: Sending: 2025-08-29 12:00:26 - CR2032: 3.00V[0m

ï¿½ï¿½ï¿½ï¿½     : 40MHz
[0;32mI (37) boot.esp32: SPI Mode       : DIO[0m
[0;32mI (40) boot.esp32: SPI Flash Size : 2MB[0m
[0;32mI (44) boot: Enabling RNG early entropy source...[0m
[0;32mI (49) boot: Partition Table:[0m
[0;32mI (51) boot: ## Label            Usage          Type ST Offset   Length[0m
[0;32mI (57) boot:  0 nvs              WiFi data        01 02 00009000 00006000[0m
[0;32mI (64) boot:  1 phy_init         RF data          01 01 0000f000 00001000[0m
[0;32mI (71) boot:  2 factory          factory app      00 00 00010000 00100000[0m
[0;32mI (77) boot: End of partition table[0m
[0;32mI (80) esp_image: segment 0: paddr=00010020 vaddr=3f400020 size=0ba4ch ( 47692) map[0m
[0;32mI (104) esp_image: segment 1: paddr=0001ba74 vaddr=3ff80000 size=00020h (    32) load[0m
[0;32mI (104) esp_image: segment 2: paddr=0001ba9c vaddr=3ffb0000 size=02418h (  9240) load[0m
[0;32mI (111) esp_image: segment 3: paddr=0001debc vaddr=40080000 size=0215ch (  8540) load[0m
[0;32mI (119) esp_image: segment 4: paddr=00020020 vaddr=400d0020 size=1b220h (111136) map[0m
[0;32mI (161) esp_image: segment 5: paddr=0003b248 vaddr=4008215c size=0c6f4h ( 50932) load[0m
[0;32mI (188) boot: Loaded app from partition at offset 0x10000[0m
[0;32mI (188) boot: Disabling RNG early entropy source...[0m
[0;32mI (199) cpu_start: Multicore app[0m
[0;32mI (207) cpu_start: Pro cpu start user code[0m
[0;32mI (207) cpu_start: cpu freq: 160000000 Hz[0m
[0;32mI (207) app_init: Application information:[0m
[0;32mI (207) app_init: Project name:     Kit1_Sender_Tuan4_test[0m
[0;32mI (212) app_init: App version:      1[0m
[0;32mI (216) app_init: Compile time:     Aug 29 2025 10:46:37[0m
[0;32mI (221) app_init: ELF file SHA256:  ed88b3663...[0m
[0;32mI (225) app_init: ESP-IDF:          v5.5[0m
[0;32mI (229) efuse_init: Min chip rev:     v0.0[0m
[0;32mI (233) efuse_init: Max chip rev:     v3.99 [0m
[0;32mI (237) efuse_init: Chip rev:         v3.0[0m
[0;32mI (241) heap_init: Initializing. RAM available for dynamic allocation:[0m
[0;32mI (247) heap_init: At 3FFAE6E0 len 00001920 (6 KiB): DRAM[0m
[0;32mI (252) heap_init: At 3FFB2CF8 len 0002D308 (180 KiB): DRAM[0m
[0;32mI (257) heap_init: At 3FFE0440 len 00003AE0 (14 KiB): D/IRAM[0m
[0;32mI (262) heap_init: At 3FFE4350 len 0001BCB0 (111 KiB): D/IRAM[0m
[0;32mI (268) heap_init: At 4008E850 len 000117B0 (69 KiB): IRAM[0m
[0;33mW (275) spi_flash: boya detected but related driver is not linked, please check option `SPI_FLASH_SUPPORT_BOYA_CHIP`[0m
[0;32mI (284) spi_flash: detected chip: generic[0m
[0;32mI (287) spi_flash: flash io: dio[0m
[0;33mW (290) spi_flash: Detected size(4096k) larger than the size in the binary image header(2048k). Using the size in the binary image header.[0m
[0;33mW (302) i2c: This driver is an old driver, please migrate your application code to adapt `driver/i2c_master.h`[0m
[0;32mI (313) main_task: Started on CPU0[0m
[0;32mI (323) main_task: Calling app_main()[0m
[0;32mI (323) UART_SEND: UART sent: Task2 hello[0m

[0;32mI (323) main_task: Returned from app_main()[0m
[0;32mI (323) UART_SEND: UART sent: Task 1 RTC: 17:58:40[0m


***ERROR*** A stack overflow in task TaskSendRTC has been detected.


Backtrace: 0x400819b9:0x3ffb5950 0x40086a39:0x3ffb5970 0x4008785a:0x3ffb5990 0x400888cf:0x3ffb5a10 0x40087964:0x3ffb5a30 0x40087916:0x3f40a07e |<-CORRUPTED




ELF file SHA256: ed88b3663

Rebooting...
ets Jul 29 2019 12:21:46

rst:0xc (SW_CPU_RESET),boot:0x13 (SPI_FAST_FLASH_BOOT)
configsip: 0, SPIWP:0xee
clk_drv:0x00,q_drv:0x00,d_drv:0x00,cs0_drv:0x00,hd_drv:0x00,wp_drv:0x00
mode:DIO, clock div:2
load:0x3fff0030,len:6380
ho 0 tail 12 room 4
load:0x40078000,len:15916
load:0x40080400,len:3860
entry 0x40080638
[0;32mI (29) boot: ESP-IDF v5.5 2nd stage bootloader[0m
[0;32mI (29) boot: compile time Aug 29 2025 10:46:59[0m
[0;32mI (29) boot: Multicore bootloader[0m
[0;32mI (30) boot: chip revision: v3.0[0m
[0;32mI (33) boot.esp32: SPI Speed      : 40MHz[0m
[0;32mI (37) boot.esp32: SPI Mode       : DIO[0m
[0;32mI (40) boot.esp32: SPI Flash Size : 2MB[0m
[0;32mI (44) boot: Enabling RNG early entropy source...[0m
[0;32mI (48) boot: Partition Table:[0m
[0;32mI (51) boot: ## Label            Usage          Type ST Offset   Length[0m
[0;32mI (57) boot:  0 nvs              WiFi data        01 02 00009000 00006000[0m
[0;32mI (64) boot:  1 phy_init         RF data          01 01 0000f000 00001000[0m
[0;32mI (70) boot:  2 factory          factory app      00 00 00010000 00100000[0m
[0;32mI (77) boot: End of partition table[0m
[0;32mI (80) esp_image: segment 0: paddr=00010020 vaddr=3f400020 size=0ba4ch ( 47692) map[0m
[0;32mI (104) esp_image: segment 1: paddr=0001ba74 vaddr=3ff80000 size=00020h (    32) load[0m
[0;32mI (104) esp_image: segment 2: paddr=0001ba9c vaddr=3ffb0000 size=02418h (  9240) load[0m
[0;32mI (111) esp_image: segment 3: paddr=0001debc vaddr=40080000 size=0215ch (  8540) load[0m
[0;32mI (119) esp_image: segment 4: paddr=00020020 vaddr=400d0020 size=1b220h (111136) map[0m
[0;32mI (161) esp_image: segment 5: paddr=0003b248 vaddr=4008215c size=0c6f4h ( 50932) load[0m
[0;32mI (188) boot: Loaded app from partition at offset 0x10000[0m
[0;32mI (188) boot: Disabling RNG early entropy source...[0m
[0;32mI (199) cpu_start: Multicore app[0m
[0;32mI (207) cpu_start: Pro cpu start user code[0m
[0;32mI (207) cpu_start: cpu freq: 160000000 Hz[0m
[0;32mI (207) app_init: Application information:[0m
[0;32mI (207) app_init: Project name:     Kit1_Sender_Tuan4_test[0m
[0;32mI (212) app_init: App version:      1[0m
[0;32mI (216) app_init: Compile time:     Aug 29 2025 10:46:37[0m
[0;32mI (221) app_init: ELF file SHA256:  ed88b3663...[0m
[0;32mI (225) app_init: ESP-IDF:          v5.5[0m
[0;32mI (229) efuse_init: Min chip rev:     v0.0[0m
[0;32mI (233) efuse_init: Max chip rev:     v3.99 [0m
[0;32mI (237) efuse_init: Chip rev:         v3.0[0m
[0;32mI (241) heap_init: Initializing. RAM available for dynamic allocation:[0m
[0;32mI (247) heap_init: At 3FFAE6E0 len 00001920 (6 KiB): DRAM[0m
[0;32mI (252) heap_init: At 3FFB2CF8 len 0002D308 (180 KiB): DRAM[0m
[0;32mI (257) heap_init: At 3FFE0440 len 00003AE0 (14 KiB): D/IRAM[0m
[0;32mI (262) heap_init: At 3FFE4350 len 0001BCB0 (111 KiB): D/IRAM[0m
[0;32mI (268) heap_init: At 4008E850 len 000117B0 (69 KiB): IRAM[0m
[0;33mW (274) spi_flash: boya detected but related driver is not linked, please check option `SPI_FLASH_SUPPORT_BOYA_CHIP`[0m
[0;32mI (284) spi_flash: detected chip: generic[0m
[0;32mI (287) spi_flash: flash io: dio[0m
[0;33mW (290) spi_flash: Detected size(4096k) larger than the size in the binary image header(2048k). Using the size in the binary image header.[0m
[0;33mW (302) i2c: This driver is an old driver, please migrate your application code to adapt `driver/i2c_master.h`[0m
[0;32mI (313) main_task: Started on CPU0[0m
[0;32mI (323) main_task: Calling app_main()[0m
[0;32mI (323) UART_SEND: UART sent: Task2 hello[0m

[0;32mI (323) main_task: Returned from app_main()[0m
[0;32mI (323) UART_SEND: UART sent: Task 1 RTC: 17:58:40[0m


***ERROR*** A stack overflow in task TaskSendRTC has been detected.


Backtrace: 0x400819b9:0x3ffb5950 0x40086a39:0x3ffb5970 0x4008785a:0x3ffb5990 0x400888cf:0x3ffb5a10 0x40087964:0x3ffb5a30 0x40087916:0x3f40a07e |<-CORRUPTED




ELF file SHA256: ed88b3663

Rebooting...
ets Jul 29 2019 12:21:46

rst:0xc (SW_CPU_RESET),boot:0x13 (SPI_FAST_FLASH_BOOT)
configsip: 0, SPIWP:0xee
clk_drv:0x00,q_drv:0x00,d_drv:0x00,cs0_drv:0x00,hd_drv:0x00,wp_drv:0x00
mode:DIO, clock div:2
load:0x3fff0030,len:6380
ho 0 tail 12 room 4
load:0x40078000,len:15916
load:0x40080400,len:3860
entry 0x40080638
[0;32mI (29) boot: ESP-IDF v5.5 2nd stage bootloader[0m
[0;32mI (29) boot: compile time Aug 29 2025 10:46:59[0m
[0;32mI (29) boot: Multicore bootloader[0m
[0;32mI (30) boot: chip revision: v3.0[0m
[0;32mI (33) boot.esp32: SPI Speed      : 40MHz[0m
[0;32mI (37) boot.esp32: SPI Mode       : DIO[0m
[0;32mI (40) boot.esp32: SPI Flash Size : 2MB[0m
[0;32mI (44) boot: Enabling RNG early entropy source...[0m
[0;32mI (48) boot: Partition Table:[0m
[0;32mI (51) boot: ## Label            Usage          Type ST Offset   Length[0m
[0;32mI (57) boot:  0 nvs              WiFi data        01 02 00009000 00006000[0m
[0;32mI (64) boot:  1 phy_init         RF data          01 01 0000f000 00001000[0m
[0;32mI (70) boot:  2 factory          factory app      00 00 00010000 00100000[0m
[0;32mI (77) boot: End of partition table[0m
[0;32mI (80) esp_image: segment 0: paddr=00010020 vaddr=3f400020 size=0ba4ch ( 47692) map[0m
[0;32mI (104) esp_image: segment 1: paddr=0001ba74 vaddr=3ff80000 size=00020h (    32) load[0m
[0;32mI (104) esp_image: segment 2: paddr=0001ba9c vaddr=3ffb0000 size=02418h (  9240) load[0m
[0;32mI (111) esp_image: segment 3: paddr=0001debc vaddr=40080000 size=0215ch (  8540) load[0m
[0;32mI (119) esp_image: segment 4: paddr=00020020 vaddr=400d0020 size=1b220h (111136) map[0m
[0;32mI (161) esp_image: segment 5: paddr=0003b248 vaddr=4008215c size=0c6f4h ( 50932) load[0m
[0;32mI (188) boot: Loaded app from partition at offset 0x10000[0m
[0;32mI (188) boot: Disabling RNG early entropy source...[0m
[0;32mI (199) cpu_start: Multicore app[0m
[0;32mI (207) cpu_start: Pro cpu start user code[0m
[0;32mI (207) cpu_start: cpu freq: 160000000 Hz[0m
[0;32mI (207) app_init: Application information:[0m
[0;32mI (207) app_init: Project name:     Kit1_Sender_Tuan4_test[0m
[0;32mI (212) app_init: App version:      1[0m
[0;32mI (216) app_init: Compile time:     Aug 29 2025 10:46:37[0m
[0;32mI (221) app_init: ELF file SHA256:  ed88b3663...[0m
[0;32mI (225) app_init: ESP-IDF:          v5.5[0m
[0;32mI (229) efuse_init: Min chip rev:     v0.0[0m
[0;32mI (233) efuse_init: Max chip rev:     v3.99 [0m
[0;32mI (237) efuse_init: Chip rev:         v3.0[0m
[0;32mI (241) heap_init: Initializing. RAM available for dynamic allocation:[0m
[0;32mI (247) heap_init: At 3FFAE6E0 len 00001920 (6 KiB): DRAM[0m
[0;32mI (252) heap_init: At 3FFB2CF8 len 0002D308 (180 KiB): DRAM[0m
[0;32mI (257) heap_init: At 3FFE0440 len 00003AE0 (14 KiB): D/IRAM[0m
[0;32mI (262) heap_init: At 3FFE4350 len 0001BCB0 (111 KiB): D/IRAM[0m
[0;32mI (268) heap_init: At 4008E850 len 000117B0 (69 KiB): IRAM[0m
[0;33mW (274) spi_flash: boya detected but related driver is not linked, please check option `SPI_FLASH_SUPPORT_BOYA_CHIP`[0m
[0;32mI (284) spi_flash: detected chip: generic[0m
[0;32mI (287) spi_flash: flash io: dio[0m
[0;33mW (290) spi_flash: Detected size(4096k) larger than the size in the binary image header(2048k). Using the size in the binary image header.[0m
[0;33mW (302) i2c: This driver is an old driver, please migrate your application code to adapt `driver/i2c_master.h`[0m
[0;32mI (313) main_task: Started on CPU0[0m
[0;32mI (323) main_task: Calling app_main()[0m
[0;32mI (323) UART_SEND: UART sent: Task2 hello[0m

[0;32mI (323) main_task: Returned from app_main()[0m
[0;32mI (323) UART_SEND: UART sent: Task 1 RTC: 17:58:40[0m


***ERROR*** A stack overflow in task TaskSendRTC has been detected.


Backtrace: 0x400819b9:0x3ffb5950 0x40086a39:0x3ffb5970 0x4008785a:0x3ffb5990 0x400888cf:0x3ffb5a10 0x40087964:0x3ffb5a30 0x40087916:0x3f40a07e |<-CORRUPTED




ELF file SHA256: ed88b3663

Rebooting...
ets Jul 29 2019 12:21:46

rst:0xc (SW_CPU_RESET),boot:0x13 (SPI_FAST_FLASH_BOOT)
configsip: 0, SPIWP:0xee
clk_drv:0x00,q_drv:0x00,d_drv:0x00,cs0_drv:0x00,hd_drv:0x00,wp_drv:0x00
mode:DIO, clock div:2
load:0x3fff0030,len:6380
ho 0 tail 12 room 4
load:0x40078000,len:15916
load:0x40080400,len:3860
entry 0x40080638
[0;32mI (29) boot: ESP-IDF v5.5 2nd stage bootloader[0m
[0;32mI (29) boot: compile time Aug 29 2025 10:46:59[0m
[0;32mI (29) boot: Multicore bootloader[0m
[0;32mI (30) boot: chip revision: v3.0[0m
[0;32mI (33) boot.esp32: SPI Speed      : 40MHz[0m
[0;32mI (37) boot.esp32: SPI Mode       : DIO[0m
[0;32mI (40) boot.esp32: SPI Flash Size : 2MB[0m
[0;32mI (44) boot: Enabling RNG early entropy source...[0m
[0;32mI (48) boot: Partition Table:[0m
[0;32mI (51) boot: ## Label            Usage          Type ST Offset   Length[0m
[0;32mI (57) boot:  0 nvs              WiFi data        01 02 00009000 00006000[0m
[0;32mI (64) boot:  1 phy_init         RF data          01 01 0000f000 00001000[0m
[0;32mI (70) boot:  2 factory          factory app      00 00 00010000 00100000[0m
[0;32mI (77) boot: End of partition table[0m
[0;32mI (80) esp_image: segment 0: paddr=00010020 vaddr=3f400020 size=0ba4ch ( 47692) map[0m
[0;32mI (104) esp_image: segment 1: paddr=0001ba74 vaddr=3ff80000 size=00020h (    32) load[0m
[0;32mI (104) esp_image: segment 2: paddr=0001ba9c vaddr=3ffb0000 size=02418h (  9240) load[0m
[0;32mI (111) esp_image: segment 3: paddr=0001debc vaddr=40080000 size=0215ch (  8540) load[0m
[0;32mI (119) esp_image: segment 4: paddr=00020020 vaddr=400d0020 size=1b220h (111136) map[0m
[0;32mI (161) esp_image: segment 5: paddr=0003b248 vaddr=4008215c size=0c6f4h ( 50932) load[0m
[0;32mI (188) boot: Loaded app from partition at offset 0x10000[0m
[0;32mI (188) boot: Disabling RNG early entropy source...[0m
[0;32mI (199) cpu_start: Multicore app[0m
[0;32mI (207) cpu_start: Pro cpu start user code[0m
[0;32mI (207) cpu_start: cpu freq: 160000000 Hz[0m
[0;32mI (207) app_init: Application information:[0m
[0;32mI (207) app_init: Project name:     Kit1_Sender_Tuan4_test[0m
[0;32mI (212) app_init: App version:      1[0m
[0;32mI (216) app_init: Compile time:     Aug 29 2025 10:46:37[0m
[0;32mI (221) app_init: ELF file SHA256:  ed88b3663...[0m
[0;32mI (225) app_init: ESP-IDF:          v5.5[0m
[0;32mI (229) efuse_init: Min chip rev:     v0.0[0m
[0;32mI (233) efuse_init: Max chip rev:     v3.99 [0m
[0;32mI (237) efuse_init: Chip rev:         v3.0[0m
[0;32mI (241) heap_init: Initializing. RAM available for dynamic allocation:[0m
[0;32mI (247) heap_init: At 3FFAE6E0 len 00001920 (6 KiB): DRAM[0m
[0;32mI (252) heap_init: At 3FFB2CF8 len 0002D308 (180 KiB): DRAM[0m
[0;32mI (257) heap_init: At 3FFE0440 len 00003AE0 (14 KiB): D/IRAM[0m
[0;32mI (262) heap_init: At 3FFE4350 len 0001BCB0 (111 KiB): D/IRAM[0m
[0;32mI (268) heap_init: At 4008E850 len 000117B0 (69 KiB): IRAM[0m
[0;33mW (274) spi_flash: boya detected but related driver is not linked, please check option `SPI_FLASH_SUPPORT_BOYA_CHIP`[0m
[0;32mI (284) spi_flash: detected chip: generic[0m
[0;32mI (287) spi_flash: flash io: dio[0m
[0;33mW (290) spi_flash: Detected size(4096k) larger than the size in the binary image header(2048k). Using the size in the binary image header.[0m
[0;33mW (302) i2c: This driver is an old driver, please migrate your application code to adapt `driver/i2c_master.h`[0m
[0;32mI (313) main_task: Started on CPU0[0m
[0;32mI (323) main_task: Calling app_main()[0m
[0;32mI (323) UART_SEND: UART sent: Task2 hello[0m

[0;32mI (323) main_task: Returned from app_main()[0m
[0;32mI (323) UART_SEND: UART sent: Task 1 RTC: 17:58:41[0m


***ERROR*** A stack overflow in task TaskSendRTC has been detected.


Backtrace: 0x400819b9:0x3ffb5950 0x40086a39:0x3ffb5970 0x4008785a:0x3ffb5990 0x400888cf:0x3ffb5a10 0x40087964:0x3ffb5a30 0x40087916:0x3f40a07e |<-CORRUPTED




ELF file SHA256: ed88b3663

Rebooting...
ets Jul 29 2019 12:21:46

rst:0xc (SW_CPU_RESET),boot:0x13 (SPI_FAST_FLASH_BOOT)
configsip: 0, SPIWP:0xee
clk_drv:0x00,q_drv:0x00,d_drv:0x00,cs0_drv:0x00,hd_drv:0x00,wp_drv:0x00
mode:DIO, clock div:2
load:0x3fff0030,len:6380
ho 0 tail 12 room 4
load:0x40078000,len:15916
load:0x40080400,len:3860
entry 0x40080638
[0;32mI (29) boot: ESP-IDF v5.5 2nd stage bootloader[0m
[0;32mI (29) boot: compile time Aug 29 2025 10:46:59[0m
[0;32mI (29) boot: Multicore bootloader[0m
[0;32mI (30) boot: chip revision: v3.0[0m
[0;32mI (33) boot.esp32: SPI Speed      : 40MHz[0m
[0;32mI (37) boot.esp32: SPI Mode       : DIO[0m
[0;32mI (40) boot.esp32: SPI Flash Size : 2MB[0m
[0;32mI (44) boot: Enabling RNG early entropy source...[0m
[0;32mI (48) boot: Partition Table:[0m
[0;32mI (51) boot: ## Label            Usage          Type ST Offset   Length[0m
[0;32mI (57) boot:  0 nvs              WiFi data        01 02 00009000 00006000[0m
[0;32mI (64) boot:  1 phy_init         RF data          01 01 0000f000 00001000[0m
[0;32mI (70) boot:  2 factory          factory app      00 00 00010000 00100000[0m
[0;32mI (77) boot: End of partition table[0m
[0;32mI (80) esp_image: segment 0: paddr=00010020 vaddr=3f400020 size=0ba4ch ( 47692) map[0m
[0;32mI (104) esp_image: segment 1: paddr=0001ba74 vaddr=3ff80000 size=00020h (    32) load[0m
[0;32mI (104) esp_image: segment 2: paddr=0001ba9c vaddr=3ffb0000 size=02418h (  9240) load[0m
[0;32mI (111) esp_image: segment 3: paddr=0001debc vaddr=40080000 size=0215ch (  8540) load[0m
[0;32mI (119) esp_image: segment 4: paddr=00020020 vaddr=400d0020 size=1b220h (111136) map[0m
[0;32mI (161) esp_image: segment 5: paddr=0003b248 vaddr=4008215c size=0c6f4h ( 50932) load[0m
[0;32mI (188) boot: Loaded app from partition at offset 0x10000[0m
[0;32mI (188) boot: Disabling RNG early entropy source...[0m
[0;32mI (199) cpu_start: Multicore app[0m
[0;32mI (207) cpu_start: Pro cpu start user code[0m
[0;32mI (207) cpu_start: cpu freq: 160000000 Hz[0m
[0;32mI (207) app_init: Application information:[0m
[0;32mI (207) app_init: Project name:     Kit1_Sender_Tuan4_test[0m
[0;32mI (212) app_init: App version:      1[0m
[0;32mI (216) app_init: Compile time:     Aug 29 2025 10:46:37[0m
[0;32mI (221) app_init: ELF file SHA256:  ed88b3663...[0m
[0;32mI (225) app_init: ESP-IDF:          v5.5[0m
[0;32mI (229) efuse_init: Min chip rev:     v0.0[0m
[0;32mI (233) efuse_init: Max chip rev:     v3.99 [0m
[0;32mI (237) efuse_init: Chip rev:         v3.0[0m
[0;32mI (241) heap_init: Initializing. RAM available for dynamic allocation:[0m
[0;32mI (247) heap_init: At 3FFAE6E0 len 00001920 (6 KiB): DRAM[0m
[0;32mI (252) heap_init: At 3FFB2CF8 len 0002D308 (180 KiB): DRAM[0m
[0;32mI (257) heap_init: At 3FFE0440 len 00003AE0 (14 KiB): D/IRAM[0m
[0;32mI (262) heap_init: At 3FFE4350 len 0001BCB0 (111 KiB): D/IRAM[0m
[0;32mI (268) heap_init: At 4008E850 len 000117B0 (69 KiB): IRAM[0m
[0;33mW (274) spi_flash: boya detected but related driver is not linked, please check option `SPI_FLASH_SUPPORT_BOYA_CHIP`[0m
[0;32mI (284) spi_flash: detected chip: generic[0m
[0;32mI (287) spi_flash: flash io: dio[0m
[0;33mW (290) spi_flash: Detected size(4096k) larger than the size in the binary image header(2048k). Using the size in the binary image header.[0m
[0;33mW (302) i2c: This driver is an old driver, please migrate your application code to adapt `driver/i2c_master.h`[0m
[0;32mI (313) main_task: Started on CPU0[0m
[0;32mI (323) main_task: Calling app_main()[0m
[0;32mI (323) UART_SEND: UART sent: Task2 hello[0m

[0;32mI (323) main_task: Returned from app_main()[0m
[0;32mI (323) UART_SEND: UART sent: Task 1 RTC: 17:58:41[0m


***ERROR*** A stack overflow in task TaskSendRTC has been detected.


Backtrace: 0x400819b9:0x3ffb5950 0x40086a39:0x3ffb5970 0x4008785a:0x3ffb5990 0x400888cf:0x3ffb5a10 0x40087964:0x3ffb5a30 0x40087916:0x3f40a07e |<-CORRUPTED




ELF file SHA256: ed88b3663

Rebooting...
ets Jul 29 2019 12:21:46

rst:0xc (SW_CPU_RESET),boot:0x13 (SPI_FAST_FLASH_BOOT)
configsip: 0, SPIWP:0xee
clk_drv:0x00,q_drv:0x00,d_drv:0x00,cs0_drv:0x00,hd_drv:0x00,wp_drv:0x00
mode:DIO, clock div:2
load:0x3fff0030,len:6380
ho 0 tail 12 room 4
load:0x40078000,len:15916
load:0x40080400,len:3860
entry 0x40080638
[0;32mI (29) boot: ESP-IDF v5.5 2nd stage bootloader[0m
[0;32mI (29) boot: compile time Aug 29 2025 10:46:59[0m
[0;32mI (29) boot: Multicore bootloader[0m
[0;32mI (30) boot: chip revision: v3.0[0m
[0;32mI (33) boot.esp32: SPI Speed      : 40MHz[0m
[0;32mI (37) boot.esp32: SPI Mode       : DIO[0m
[0;32mI (40) boot.esp32: SPI Flash Size : 2MB[0m
[0;32mI (44) boot: Enabling RNG early entropy source...[0m
[0;32mI (48) boot: Partition Table:[0m
[0;32mI (51) boot: ## Label            Usage          Type ST Offset   Length[0m
[0;32mI (57) boot:  0 nvs              WiFi data        01 02 00009000 00006000[0m
[0;32mI (64) boot:  1 phy_init         RF data          01 01 0000f000 00001000[0m
[0;32mI (70) boot:  2 factory          factory app      00 00 00010000 00100000[0m
[0;32mI (77) boot: End of partition table[0m
[0;32mI (80) esp_image: segment 0: paddr=00010020 vaddr=3f400020 size=0ba4ch ( 47692) map[0m
[0;32mI (104) esp_image: segment 1: paddr=0001ba74 vaddr=3ff80000 size=00020h (    32) load[0m
[0;32mI (104) esp_image: segment 2: paddr=0001ba9c vaddr=3ffb0000 size=02418h (  9240) load[0m
[0;32mI (111) esp_image: segment 3: paddr=0001debc vaddr=40080000 size=0215ch (  8540) load[0m
[0;32mI (119) esp_image: segment 4: paddr=00020020 vaddr=400d0020 size=1b220h (111136) map[0m
[0;32mI (161) esp_image: segment 5: paddr=0003b248 vaddr=4008215c size=0c6f4h ( 50932) load[0m
[0;32mI (188) boot: Loaded app from partition at offset 0x10000[0m
[0;32mI (188) boot: Disabling RNG early entropy source...[0m
[0;32mI (199) cpu_start: Multicore app[0m
[0;32mI (207) cpu_start: Pro cpu start user code[0m
[0;32mI (207) cpu_start: cpu freq: 160000000 Hz[0m
[0;32mI (207) app_init: Application information:[0m
[0;32mI (207) app_init: Project name:     Kit1_Sender_Tuan4_test[0m
[0;32mI (212) app_init: App version:      1[0m
[0;32mI (216) app_init: Compile time:     Aug 29 2025 10:46:37[0m
[0;32mI (221) app_init: ELF file SHA256:  ed88b3663...[0m
[0;32mI (225) app_init: ESP-IDF:          v5.5[0m
[0;32mI (229) efuse_init: Min chip rev:     v0.0[0m
[0;32mI (233) efuse_init: Max chip rev:     v3.99 [0m
[0;32mI (237) efuse_init: Chip rev:         v3.0[0m
[0;32mI (241) heap_init: Initializing. RAM available for dynamic allocation:[0m
[0;32mI (247) heap_init: At 3FFAE6E0 len 00001920 (6 KiB): DRAM[0m
[0;32mI (252) heap_init: At 3FFB2CF8 len 0002D308 (180 KiB): DRAM[0m
[0;32mI (257) heap_init: At 3FFE0440 len 00003AE0 (14 KiB): D/IRAM[0m
[0;32mI (262) heap_init: At 3FFE4350 len 0001BCB0 (111 KiB): D/IRAM[0m
[0;32mI (268) heap_init: At 4008E850 len 000117B0 (69 KiB): IRAM[0m
[0;33mW (274) spi_flash: boya detected but related driver is not linked, please check option `SPI_FLASH_SUPPORT_BOYA_CHIP`[0m
[0;32mI (284) spi_flash: detected chip: generic[0m
[0;32mI (287) spi_flash: flash io: dio[0m
[0;33mW (290) spi_flash: Detected size(4096k) larger than the size in the binary image header(2048k). Using the size in the binary image header.[0m
[0;33mW (302) i2c: This driver is an old driver, please migrate your application code to adapt `driver/i2c_master.h`[0m
[0;32mI (313) main_task: Started on CPU0[0m
[0;32mI (323) main_task: Calling app_main()[0m
[0;32mI (323) UART_SEND: UART sent: Task2 hello[0m

[0;32mI (323) main_task: Returned from app_main()[0m
[0;32mI (323) UART_SEND: UART sent: Task 1 RTC: 17:58:41[0m


***ERROR*** A stack overflow in task TaskSendRTC has been detected.


Backtrace: 0x400819b9:0x3ffb5950 0x40086a39:0x3ffb5970 0x4008785a:0x3ffb5990 0x400888cf:0x3ffb5a10 0x40087964:0x3ffb5a30 0x40087916:0x3f40a07e |<-CORRUPTED




ELF file SHA256: ed88b3663

Rebooting...
ets Jul 29 2019 12:21:46

rst:0xc (SW_CPU_RESET),boot:0x13 (SPI_FAST_FLASH_BOOT)
configsip: 0, SPIWP:0xee
clk_drv:0x00,q_drv:0x00,d_drv:0x00,cs0_drv:0x00,hd_drv:0x00,wp_drv:0x00
mode:DIO, clock div:2
load:0x3fff0030,len:6380
ho 0 tail 12 room 4
load:0x40078000,len:15916
load:0x40080400,len:3860
entry 0x40080638
[0;32mI (29) boot: ESP-IDF v5.5 2nd stage bootloader[0m
[0;32mI (29) boot: compile time Aug 29 2025 10:46:59[0m
[0;32mI (29) boot: Multicore bootloader[0m
[0;32mI (30) boot: chip revision: v3.0[0m
[0;32mI (33) boot.esp32: SPI Speed      : 40MHz[0m
[0;32mI (37) boot.esp32: SPI Mode       : DIO[0m
[0;32mI (40) boot.esp32: SPI Flash Size : 2MB[0m
[0;32mI (44) boot: Enabling RNG early entropy source...[0m
[0;32mI (48) boot: Partition Table:[0m
[0;32mI (51) boot: ## Label            Usage          Type ST Offset   Length[0m
[0;32mI (57) boot:  0 nvs              WiFi data        01 02 00009000 00006000[0m
[0;32mI (64) boot:  1 phy_init         RF data          01 01 0000f000 00001000[0m
[0;32mI (70) boot:  2 factory          factory app      00 00 00010000 00100000[0m
[0;32mI (77) boot: End of partition table[0m
[0;32mI (80) esp_image: segment 0: paddr=00010020 vaddr=3f400020 size=0ba4ch ( 47692) map[0m
[0;32mI (104) esp_image: segment 1: paddr=0001ba74 vaddr=3ff80000 size=00020h (    32) load[0m
[0;32mI (104) esp_image: segment 2: paddr=0001ba9c vaddr=3ffb0000 size=02418h (  9240) load[0m
[0;32mI (111) esp_image: segment 3: paddr=0001debc vaddr=40080000 size=0215ch (  8540) load[0m
[0;32mI (119) esp_image: segment 4: paddr=00020020 vaddr=400d0020 size=1b220h (111136) map[0m
[0;32mI (161) esp_image: segment 5: paddr=0003b248 vaddr=4008215c size=0c6f4h ( 50932) load[0m
[0;32mI (188) boot: Loaded app from partition at offset 0x10000[0m
[0;32mI (188) boot: Disabling RNG early entropy source...[0m
[0;32mI (199) cpu_start: Multicore app[0m
[0;32mI (207) cpu_start: Pro cpu start user code[0m
[0;32mI (207) cpu_start: cpu freq: 160000000 Hz[0m
[0;32mI (207) app_init: Application information:[0m
[0;32mI (207) app_init: Project name:     Kit1_Sender_Tuan4_test[0m
[0;32mI (212) app_init: App version:      1[0m
[0;32mI (216) app_init: Compile time:     Aug 29 2025 10:46:37[0m
[0;32mI (221) app_init: ELF file SHA256:  ed88b3663...[0m
[0;32mI (225) app_init: ESP-IDF:          v5.5[0m
[0;32mI (229) efuse_init: Min chip rev:     v0.0[0m
[0;32mI (233) efuse_init: Max chip rev:     v3.99 [0m
[0;32mI (237) efuse_init: Chip rev:         v3.0[0m
[0;32mI (241) heap_init: Initializing. RAM available for dynamic allocation:[0m
[0;32mI (247) heap_init: At 3FFAE6E0 len 00001920 (6 KiB): DRAM[0m
[0;32mI (252) heap_init: At 3FFB2CF8 len 0002D308 (180 KiB): DRAM[0m
[0;32mI (257) heap_init: At 3FFE0440 len 00003AE0 (14 KiB): D/IRAM[0m
[0;32mI (262) heap_init: At 3FFE4350 len 0001BCB0 (111 KiB): D/IRAM[0m
[0;32mI (268) heap_init: At 4008E850 len 000117B0 (69 KiB): IRAM[0m
[0;33mW (274) spi_flash: boya detected but related driver is not linked, please check option `SPI_FLASH_SUPPORT_BOYA_CHIP`[0m
[0;32mI (284) spi_flash: detected chip: generic[0m
[0;32mI (287) spi_flash: flash io: dio[0m
[0;33mW (290) spi_flash: Detected size(4096k) larger than the size in the binary image header(2048k). Using the size in the binary image header.[0m
[0;33mW (302) i2c: This driver is an old driver, please migrate your application code to adapt `driver/i2c_master.h`[0m
[0;32mI (313) main_task: Started on CPU0[0m
[0;32mI (323) main_task: Calling app_main()[0m
[0;32mI (323) UART_SEND: UART sent: Task2 hello[0m

[0;32mI (323) main_task: Returned from app_main()[0m
[0;32mI (323) UART_SEND: UART sent: Task 1 RTC: 17:58:42[0m


***ERROR*** A stack overflow in task TaskSendRTC has been detected.


Backtrace: 0x400819b9:0x3ffb5950 0x40086a39:0x3ffb5970 0x4008785a:0x3ffb5990 0x400888cf:0x3ffb5a10 0x40087964:0x3ffb5a30 0x40087916:0x3f40a07e |<-CORRUPTED




ELF file SHA256: ed88b3663

Rebooting...
ets Jul 29 2019 12:21:46

rst:0xc (SW_CPU_RESET),boot:0x13 (SPI_FAST_FLASH_BOOT)
configsip: 0, SPIWP:0xee
clk_drv:0x00,q_drv:0x00,d_drv:0x00,cs0_drv:0x00,hd_drv:0x00,wp_drv:0x00
mode:DIO, clock div:2
load:0x3fff0030,len:6380
ho 0 tail 12 room 4
load:0x40078000,len:15916
load:0x40080400,len:3860
entry 0x40080638
[0;32mI (29) boot: ESP-IDF v5.5 2nd stage bootloader[0m
[0;32mI (29) boot: compile time Aug 29 2025 10:46:59[0m
[0;32mI (29) boot: Multicore bootloader[0m
[0;32mI (30) boot: chip revision: v3.0[0m
[0;32mI (33) boot.esp32: SPI Speed      : 40MHz[0m
[0;32mI (37) boot.esp32: SPI Mode       : DIO[0m
[0;32mI (40) boot.esp32: SPI Flash Size : 2MB[0m
[0;32mI (44) boot: Enabling RNG early entropy source...[0m
[0;32mI (48) boot: Partition Table:[0m
[0;32mI (51) boot: ## Label            Usage          Type ST Offset   Length[0m
[0;32mI (57) boot:  0 nvs              WiFi data        01 02 00009000 00006000[0m
[0;32mI (64) boot:  1 phy_init         RF data          01 01 0000f000 00001000[0m
[0;32mI (70) boot:  2 factory          factory app      00 00 00010000 00100000[0m
[0;32mI (77) boot: End of partition table[0m
[0;32mI (80) esp_image: segment 0: paddr=00010020 vaddr=3f400020 size=0ba4ch ( 47692) map[0m
[0;32mI (104) esp_image: segment 1: paddr=0001ba74 vaddr=3ff80000 size=00020h (    32) load[0m
[0;32mI (104) esp_image: segment 2: paddr=0001ba9c vaddr=3ffb0000 size=02418h (  9240) load[0m
[0;32mI (111) esp_image: segment 3: paddr=0001debc vaddr=40080000 size=0215ch (  8540) load[0m
[0;32mI (119) esp_image: segment 4: paddr=00020020 vaddr=400d0020 size=1b220h (111136) map[0m
[0;32mI (161) esp_image: segment 5: paddr=0003b248 vaddr=4008215c size=0c6f4h ( 50932) load[0m
[0;32mI (188) boot: Loaded app from partition at offset 0x10000[0m
[0;32mI (188) boot: Disabling RNG early entropy source...[0m
[0;32mI (199) cpu_start: Multicore app[0m
[0;32mI (207) cpu_start: Pro cpu start user code[0m
[0;32mI (207) cpu_start: cpu freq: 160000000 Hz[0m
[0;32mI (207) app_init: Application information:[0m
[0;32mI (207) app_init: Project name:     Kit1_Sender_Tuan4_test[0m
[0;32mI (212) app_init: App version:      1[0m
[0;32mI (216) app_init: Compile time:     Aug 29 2025 10:46:37[0m
[0;32mI (221) app_init: ELF file SHA256:  ed88b3663...[0m
[0;32mI (225) app_init: ESP-IDF:          v5.5[0m
[0;32mI (229) efuse_init: Min chip rev:     v0.0[0m
[0;32mI (233) efuse_init: Max chip rev:     v3.99 [0m
[0;32mI (237) efuse_init: Chip rev:         v3.0[0m
[0;32mI (241) heap_init: Initializing. RAM available for dynamic allocation:[0m
[0;32mI (247) heap_init: At 3FFAE6E0 len 00001920 (6 KiB): DRAM[0m
[0;32mI (252) heap_init: At 3FFB2CF8 len 0002D308 (180 KiB): DRAM[0m
[0;32mI (257) heap_init: At 3FFE0440 len 00003AE0 (14 KiB): D/IRAM[0m
[0;32mI (262) heap_init: At 3FFE4350 len 0001BCB0 (111 KiB): D/IRAM[0m
[0;32mI (268) heap_init: At 4008E850 len 000117B0 (69 KiB): IRAM[0m
[0;33mW (274) spi_flash: boya detected but related driver is not linked, please check option `SPI_FLASH_SUPPORT_BOYA_CHIP`[0m
[0;32mI (284) spi_flash: detected chip: generic[0m
[0;32mI (287) spi_flash: flash io: dio[0m
[0;33mW (290) spi_flash: Detected size(4096k) larger than the size in the binary image header(2048k). Using the size in the binary image header.[0m
[0;33mW (302) i2c: This driver is an old driver, please migrate your application code to adapt `driver/i2c_master.h`[0m
[0;32mI (313) main_task: Started on CPU0[0m
[0;32mI (323) main_task: Calling app_main()[0m
[0;32mI (323) UART_SEND: UART sent: Task2 hello[0m

[0;32mI (323) main_task: Returned from app_main()[0m
[0;32mI (323) UART_SEND: UART sent: Task 1 RTC: 17:58:42[0m


***ERROR*** A stack overflow in task TaskSendRTC has been detected.


Backtrace: 0x400819b9:0x3ffb5950 0x40086a39:0x3ffb5970 0x4008785a:0x3ffb5990 0x400888cf:0x3ffb5a10 0x40087964:0x3ffb5a30 0x40087916:0x3f40a07e |<-CORRUPTED




ELF file SHA256: ed88b3663

Rebooting...
ets Jul 29 2019 12:21:46

rst:0xc (SW_CPU_RESET),boot:0x13 (SPI_FAST_FLASH_BOOT)
configsip: 0, SPIWP:0xee
clk_drv:0x00,q_drv:0x00,d_drv:0x00,cs0_drv:0x00,hd_drv:0x00,wp_drv:0x00
mode:DIO, clock div:2
load:0x3fff0030,len:6380
ho 0 tail 12 room 4
load:0x40078000,len:15916
load:0x40080400,len:3860
entry 0x40080638
[0;32mI (29) boot: ESP-IDF v5.5 2nd stage bootloader[0m
[0;32mI (29) boot: compile time Aug 29 2025 10:46:59[0m
[0;32mI (29) boot: Multicore bootloader[0m
[0;32mI (30) boot: chip revision: v3.0[0m
[0;32mI (33) boot.esp32: SPI Speed      : 40MHz[0m
[0;32mI (37) boot.esp32: SPI Mode       : DIO[0m
[0;32mI (40) boot.esp32: SPI Flash Size : 2MB[0m
[0;32mI (44) boot: Enabling RNG early entropy source...[0m
[0;32mI (48) boot: Partition Table:[0m
[0;32mI (51) boot: ## Label            Usage          Type ST Offset   Length[0m
[0;32mI (57) boot:  0 nvs              WiFi data        01 02 00009000 00006000[0m
[0;32mI (64) boot:  1 phy_init         RF data          01 01 0000f000 00001000[0m
[0;32mI (70) boot:  2 factory          factory app      00 00 00010000 00100000[0m
[0;32mI (77) boot: End of partition table[0m
[0;32mI (80) esp_image: segment 0: paddr=00010020 vaddr=3f400020 size=0ba4ch ( 47692) map[0m
[0;32mI (104) esp_image: segment 1: paddr=0001ba74 vaddr=3ff80000 size=00020h (    32) load[0m
[0;32mI (104) esp_image: segment 2: paddr=0001ba9c vaddr=3ffb0000 size=02418h (  9240) load[0m
[0;32mI (111) esp_image: segment 3: paddr=0001debc vaddr=40080000 size=0215ch (  8540) load[0m
[0;32mI (119) esp_image: segment 4: paddr=00020020 vaddr=400d0020 size=1b220h (111136) map[0m
[0;32mI (161) esp_image: segment 5: paddr=0003b248 vaddr=4008215c size=0c6f4h ( 50932) load[0m
[0;32mI (188) boot: Loaded app from partition at offset 0x10000[0m
[0;32mI (188) boot: Disabling RNG early entropy source...[0m
[0;32mI (199) cpu_start: Multicore app[0m
[0;32mI (207) cpu_start: Pro cpu start user code[0m
[0;32mI (207) cpu_start: cpu freq: 160000000 Hz[0m
[0;32mI (207) app_init: Application information:[0m
[0;32mI (207) app_init: Project name:     Kit1_Sender_Tuan4_test[0m
[0;32mI (212) app_init: App version:      1[0m
[0;32mI (216) app_init: Compile time:     Aug 29 2025 10:46:37[0m
[0;32mI (221) app_init: ELF file SHA256:  ed88b3663...[0m
[0;32mI (225) app_init: ESP-IDF:          v5.5[0m
[0;32mI (229) efuse_init: Min chip rev:     v0.0[0m
[0;32mI (233) efuse_init: Max chip rev:     v3.99 [0m
[0;32mI (237) efuse_init: Chip rev:         v3.0[0m
[0;32mI (241) heap_init: Initializing. RAM available for dynamic allocation:[0m
[0;32mI (247) heap_init: At 3FFAE6E0 len 00001920 (6 KiB): DRAM[0m
[0;32mI (252) heap_init: At 3FFB2CF8 len 0002D308 (180 KiB): DRAM[0m
[0;32mI (257) heap_init: At 3FFE0440 len 00003AE0 (14 KiB): D/IRAM[0m
[0;32mI (262) heap_init: At 3FFE4350 len 0001BCB0 (111 KiB): D/IRAM[0m
[0;32mI (268) heap_init: At 4008E850 len 000117B0 (69 KiB): IRAM[0m
[0;33mW (274) spi_flash: boya detected but related driver is not linked, please check option `SPI_FLASH_SUPPORT_BOYA_CHIP`[0m
[0;32mI (284) spi_flash: detected chip: generic[0m
[0;32mI (287) spi_flash: flash io: dio[0m
[0;33mW (290) spi_flash: Detected size(4096k) larger than the size in the binary image header(2048k). Using the size in the binary image header.[0m
[0;33mW (302) i2c: This driver is an old driver, please migrate your application code to adapt `driver/i2c_master.h`[0m
[0;32mI (313) main_task: Started on CPU0[0m
[0;32mI (323) main_task: Calling app_main()[0m
[0;32mI (323) UART_SEND: UART sent: Task2 hello[0m

[0;32mI (323) main_task: Returned from app_main()[0m
[0;32mI (323) UART_SEND: UART sent: Task 1 RTC: 17:58:43[0m


***ERROR*** A stack overflow in task TaskSendRTC has been detected.


Backtrace: 0x400819b9:0x3ffb5950 0x40086a39:0x3ffb5970 0x4008785a:0x3ffb5990 0x400888cf:0x3ffb5a10 0x40087964:0x3ffb5a30 0x40087916:0x3f40a07e |<-CORRUPTED




ELF file SHA256: ed88b3663

Rebooting...
ets Jul 29 2019 12:21:46

rst:0xc (SW_CPU_RESET),boot:0x13 (SPI_FAST_FLASH_BOOT)
configsip: 0, SPIWP:0xee
clk_drv:0x00,q_drv:0x00,d_drv:0x00,cs0_drv:0x00,hd_drv:0x00,wp_drv:0x00
mode:DIO, clock div:2
load:0x3fff0030,len:6380
ho 0 tail 12 room 4
load:0x40078000,len:15916
load:0x40080400,len:3860
entry 0x40080638
[0;32mI (29) boot: ESP-IDF v5.5 2nd stage bootloader[0m
[0;32mI (29) boot: compile time Aug 29 2025 10:46:59[0m
[0;32mI (29) boot: Multicore bootloader[0m
[0;32mI (30) boot: chip revision: v3.0[0m
[0;32mI (33) boot.esp32: SPI Speed      : 40MHz[0m
[0;32mI (37) boot.esp32: SPI Mode       : DIO[0m
[0;32mI (40) boot.esp32: SPI Flash Size : 2MB[0m
[0;32mI (44) boot: Enabling RNG early entropy source...[0m
[0;32mI (48) boot: Partition Table:[0m
[0;32mI (51) boot: ## Label            Usage          Type ST Offset   Length[0m
[0;32mI (57) boot:  0 nvs              WiFi data        01 02 00009000 00006000[0m
[0;32mI (64) boot:  1 phy_init         RF data          01 01 0000f000 00001000[0m
[0;32mI (70) boot:  2 factory          factory app      00 00 00010000 00100000[0m
[0;32mI (77) boot: End of partition table[0m
[0;32mI (80) esp_image: segment 0: paddr=00010020 vaddr=3f400020 size=0ba4ch ( 47692) map[0m
[0;32mI (104) esp_image: segment 1: paddr=0001ba74 vaddr=3ff80000 size=00020h (    32) load[0m
[0;32mI (104) esp_image: segment 2: paddr=0001ba9c vaddr=3ffb0000 size=02418h (  9240) load[0m
[0;32mI (111) esp_image: segment 3: paddr=0001debc vaddr=40080000 size=0215ch (  8540) load[0m
[0;32mI (119) esp_image: segment 4: paddr=00020020 vaddr=400d0020 size=1b220h (111136) map[0m
[0;32mI (161) esp_image: segment 5: paddr=0003b248 vaddr=4008215c size=0c6f4h ( 50932) load[0m
[0;32mI (188) boot: Loaded app from partition at offset 0x10000[0m
[0;32mI (188) boot: Disabling RNG early entropy source...[0m
[0;32mI (199) cpu_start: Multicore app[0m
[0;32mI (207) cpu_start: Pro cpu start user code[0m
[0;32mI (207) cpu_start: cpu freq: 160000000 Hz[0m
[0;32mI (207) app_init: Application information:[0m
[0;32mI (207) app_init: Project name:     Kit1_Sender_Tuan4_test[0m
[0;32mI (212) app_init: App version:      1[0m
[0;32mI (216) app_init: Compile time:     Aug 29 2025 10:46:37[0m
[0;32mI (221) app_init: ELF file SHA256:  ed88b3663...[0m
[0;32mI (225) app_init: ESP-IDF:          v5.5[0m
[0;32mI (229) efuse_init: Min chip rev:     v0.0[0m
[0;32mI (233) efuse_init: Max chip rev:     v3.99 [0m
[0;32mI (237) efuse_init: Chip rev:         v3.0[0m
[0;32mI (241) heap_init: Initializing. RAM available for dynamic allocation:[0m
[0;32mI (247) heap_init: At 3FFAE6E0 len 00001920 (6 KiB): DRAM[0m
[0;32mI (252) heap_init: At 3FFB2CF8 len 0002D308 (180 KiB): DRAM[0m
[0;32mI (257) heap_init: At 3FFE0440 len 00003AE0 (14 KiB): D/IRAM[0m
[0;32mI (262) heap_init: At 3FFE4350 len 0001BCB0 (111 KiB): D/IRAM[0m
[0;32mI (268) heap_init: At 4008E850 len 000117B0 (69 KiB): IRAM[0m
[0;33mW (274) spi_flash: boya detected but related driver is not linked, please check option `SPI_FLASH_SUPPORT_BOYA_CHIP`[0m
[0;32mI (284) spi_flash: detected chip: generic[0m
[0;32mI (287) spi_flash: flash io: dio[0m
[0;33mW (290) spi_flash: Detected size(4096k) larger than the size in the binary image header(2048k). Using the size in the binary image header.[0m
[0;33mW (302) i2c: This driver is an old driver, please migrate your application code to adapt `driver/i2c_master.h`[0m
[0;32mI (313) main_task: Started on CPU0[0m
[0;32mI (323) main_task: Calling app_main()[0m
[0;32mI (323) UART_SEND: UART sent: Task2 hello[0m

[0;32mI (323) main_task: Returned from app_main()[0m
[0;32mI (323) UART_SEND: UART sent: Task 1 RTC: 17:58:43[0m


***ERROR*** A stack overflow in task TaskSendRTC has been detected.


Backtrace: 0x400819b9:0x3ffb5950 0x40086a39:0x3ffb5970 0x4008785a:0x3ffb5990 0x400888cf:0x3ffb5a10 0x40087964:0x3ffb5a30 0x40087916:0x3f40a07e |<-CORRUPTED




ELF file SHA256: ed88b3663

Rebooting...
ets Jul 29 2019 12:21:46

rst:0xc (SW_CPU_RESET),boot:0x13 (SPI_FAST_FLASH_BOOT)
configsip: 0, SPIWP:0xee
clk_drv:0x00,q_drv:0x00,d_drv:0x00,cs0_drv:0x00,hd_drv:0x00,wp_drv:0x00
mode:DIO, clock div:2
load:0x3fff0030,len:6380
ho 0 tail 12 room 4
load:0x40078000,len:15916
load:0x40080400,len:3860
entry 0x40080638
[0;32mI (29) boot: ESP-IDF v5.5 2nd stage bootloader[0m
[0;32mI (29) boot: compile time Aug 29 2025 10:46:59[0m
[0;32mI (29) boot: Multicore bootloader[0m
[0;32mI (30) boot: chip revision: v3.0[0m
[0;32mI (33) boot.esp32: SPI Speed      : 40MHz[0m
[0;32mI (37) boot.esp32: SPI Mode       : DIO[0m
[0;32mI (40) boot.esp32: SPI Flash Size : 2MB[0m
[0;32mI (44) boot: Enabling RNG early entropy source...[0m
[0;32mI (48) boot: Partition Table:[0m
[0;32mI (51) boot: ## Label            Usage          Type ST Offset   Length[0m
[0;32mI (57) boot:  0 nvs              WiFi data        01 02 00009000 00006000[0m
[0;32mI (64) boot:  1 phy_init         RF data          01 01 0000f000 00001000[0m
[0;32mI (70) boot:  2 factory          factory app      00 00 00010000 00100000[0m
[0;32mI (77) boot: End of partition table[0m
[0;32mI (80) esp_image: segment 0: paddr=00010020 vaddr=3f400020 size=0ba4ch ( 47692) map[0m
[0;32mI (104) esp_image: segment 1: paddr=0001ba74 vaddr=3ff80000 size=00020h (    32) load[0m
[0;32mI (104) esp_image: segment 2: paddr=0001ba9c vaddr=3ffb0000 size=02418h (  9240) load[0m
[0;32mI (111) esp_image: segment 3: paddr=0001debc vaddr=40080000 size=0215ch (  8540) load[0m
[0;32mI (119) esp_image: segment 4: paddr=00020020 vaddr=400d0020 size=1b220h (111136) map[0m
[0;32mI (161) esp_image: segment 5: paddr=0003b248 vaddr=4008215c size=0c6f4h ( 50932) load[0m
[0;32mI (188) boot: Loaded app from partition at offset 0x10000[0m
[0;32mI (188) boot: Disabling RNG early entropy source...[0m
[0;32mI (199) cpu_start: Multicore app[0m
[0;32mI (207) cpu_start: Pro cpu start user code[0m
[0;32mI (207) cpu_start: cpu freq: 160000000 Hz[0m
[0;32mI (207) app_init: Application information:[0m
[0;32mI (207) app_init: Project name:     Kit1_Sender_Tuan4_test[0m
[0;32mI (212) app_init: App version:      1[0m
[0;32mI (216) app_init: Compile time:     Aug 29 2025 10:46:37[0m
[0;32mI (221) app_init: ELF file SHA256:  ed88b3663...[0m
[0;32mI (225) app_init: ESP-IDF:          v5.5[0m
[0;32mI (229) efuse_init: Min chip rev:     v0.0[0m
[0;32mI (233) efuse_init: Max chip rev:     v3.99 [0m
[0;32mI (237) efuse_init: Chip rev:         v3.0[0m
[0;32mI (241) heap_init: Initializing. RAM available for dynamic allocation:[0m
[0;32mI (247) heap_init: At 3FFAE6E0 len 00001920 (6 KiB): DRAM[0m
[0;32mI (252) heap_init: At 3FFB2CF8 len 0002D308 (180 KiB): DRAM[0m
[0;32mI (257) heap_init: At 3FFE0440 len 00003AE0 (14 KiB): D/IRAM[0m
[0;32mI (262) heap_init: At 3FFE4350 len 0001BCB0 (111 KiB): D/IRAM[0m
[0;32mI (268) heap_init: At 4008E850 len 000117B0 (69 KiB): IRAM[0m
[0;33mW (274) spi_flash: boya detected but related driver is not linked, please check option `SPI_FLASH_SUPPORT_BOYA_CHIP`[0m
[0;32mI (284) spi_flash: detected chip: generic[0m
[0;32mI (287) spi_flash: flash io: dio[0m
[0;33mW (290) spi_flash: Detected size(4096k) larger than the size in the binary image header(2048k). Using the size in the binary image header.[0m
[0;33mW (302) i2c: This driver is an old driver, please migrate your application code to adapt `driver/i2c_master.h`[0m
[0;32mI (313) main_task: Started on CPU0[0m
[0;32mI (323) main_task: Calling app_main()[0m
[0;32mI (323) UART_SEND: UART sent: Task2 hello[0m

[0;32mI (323) main_task: Returned from app_main()[0m
[0;32mI (323) UART_SEND: UART sent: Task 1 RTC: 17:58:43[0m


***ERROR*** A stack overflow in task TaskSendRTC has been detected.


Backtrace: 0x400819b9:0x3ffb5950 0x40086a39:0x3ffb5970 0x4008785a:0x3ffb5990 0x400888cf:0x3ffb5a10 0x40087964:0x3ffb5a30 0x40087916:0x3f40a07e |<-CORRUPTED




ELF file SHA256: ed88b3663

Rebooting...
ets Jul 29 2019 12:21:46

rst:0xc (SW_CPU_RESET),boot:0x13 (SPI_FAST_FLASH_BOOT)
configsip: 0, SPIWP:0xee
clk_drv:0x00,q_drv:0x00,d_drv:0x00,cs0_drv:0x00,hd_drv:0x00,wp_drv:0x00
mode:DIO, clock div:2
load:0x3fff0030,len:6380
ho 0 tail 12 room 4
load:0x40078000,len:15916
load:0x40080400,len:3860
entry 0x40080638
[0;32mI (29) boot: ESP-IDF v5.5 2nd stage bootloader[0m
[0;32mI (29) boot: compile time Aug 29 2025 10:46:59[0m
[0;32mI (29) boot: Multicore bootloader[0m
[0;32mI (30) boot: chip revision: v3.0[0m
[0;32mI (33) boot.esp32: SPI Speed      : 40MHz[0m
[0;32mI (37) boot.esp32: SPI Mode       : DIO[0m
[0;32mI (40) boot.esp32: SPI Flash Size : 2MB[0m
[0;32mI (44) boot: Enabling RNG early entropy source...[0m
[0;32mI (48) boot: Partition Table:[0m
[0;32mI (51) boot: ## Label            Usage          Type ST Offset   Length[0m
[0;32mI (57) boot:  0 nvs              WiFi data        01 02 00009000 00006000[0m
[0;32mI (64) boot:  1 phy_init         RF data          01 01 0000f000 00001000[0m
[0;32mI (70) boot:  2 factory          factory app      00 00 00010000 00100000[0m
[0;32mI (77) boot: End of partition table[0m
[0;32mI (80) esp_image: segment 0: paddr=00010020 vaddr=3f400020 size=0ba4ch ( 47692) map[0m
[0;32mI (104) esp_image: segment 1: paddr=0001ba74 vaddr=3ff80000 size=00020h (    32) load[0m
[0;32mI (104) esp_image: segment 2: paddr=0001ba9c vaddr=3ffb0000 size=02418h (  9240) load[0m
[0;32mI (111) esp_image: segment 3: paddr=0001debc vaddr=40080000 size=0215ch (  8540) load[0m
[0;32mI (119) esp_image: segment 4: paddr=00020020 vaddr=400d0020 size=1b220h (111136) map[0m
[0;32mI (161) esp_image: segment 5: paddr=0003b248 vaddr=4008215c size=0c6f4h ( 50932) load[0m
[0;32mI (188) boot: Loaded app from partition at offset 0x10000[0m
[0;32mI (188) boot: Disabling RNG early entropy source...[0m
[0;32mI (199) cpu_start: Multicore app[0m
[0;32mI (207) cpu_start: Pro cpu start user code[0m
[0;32mI (207) cpu_start: cpu freq: 160000000 Hz[0m
[0;32mI (207) app_init: Application information:[0m
[0;32mI (207) app_init: Project name:     Kit1_Sender_Tuan4_test[0m
[0;32mI (212) app_init: App version:      1[0m
[0;32mI (216) app_init: Compile time:     Aug 29 2025 10:46:37[0m
[0;32mI (221) app_init: ELF file SHA256:  ed88b3663...[0m
[0;32mI (225) app_init: ESP-IDF:          v5.5[0m
[0;32mI (229) efuse_init: Min chip rev:     v0.0[0m
[0;32mI (233) efuse_init: Max chip rev:     v3.99 [0m
[0;32mI (237) efuse_init: Chip rev:         v3.0[0m
[0;32mI (241) heap_init: Initializing. RAM available for dynamic allocation:[0m
[0;32mI (247) heap_init: At 3FFAE6E0 len 00001920 (6 KiB): DRAM[0m
[0;32mI (252) heap_init: At 3FFB2CF8 len 0002D308 (180 KiB): DRAM[0m
[0;32mI (257) heap_init: At 3FFE0440 len 00003AE0 (14 KiB): D/IRAM[0m
[0;32mI (262) heap_init: At 3FFE4350 len 0001BCB0 (111 KiB): D/IRAM[0m
[0;32mI (268) heap_init: At 4008E850 len 000117B0 (69 KiB): IRAM[0m
[0;33mW (274) spi_flash: boya detected but related driver is not linked, please check option `SPI_FLASH_SUPPORT_BOYA_CHIP`[0m
[0;32mI (284) spi_flash: detected chip: generic[0m
[0;32mI (287) spi_flash: flash io: dio[0m
[0;33mW (290) spi_flash: Detected size(4096k) larger than the size in the binary image header(2048k). Using the size in the binary image header.[0m
[0;33mW (302) i2c: This driver is an old driver, please migrate your application code to adapt `driver/i2c_master.h`[0m
[0;32mI (313) main_task: Started on CPU0[0m
[0;32mI (323) main_task: Calling app_main()[0m
[0;32mI (323) UART_SEND: UART sent: Task2 hello[0m

[0;32mI (323) main_task: Returned from app_main()[0m
[0;32mI (323) UART_SEND: UART sent: Task 1 RTC: 17:58:44[0m


***ERROR*** A stack overflow in task TaskSendRTC has been detected.


Backtrace: 0x400819b9:0x3ffb5950 0x40086a39:0x3ffb5970 0x4008785a:0x3ffb5990 0x400888cf:0x3ffb5a10 0x40087964:0x3ffb5a30 0x40087916:0x3f40a07e |<-CORRUPTED




ELF file SHA256: ed88b3663

Rebooting...
ets Jul 29 2019 12:21:46

rst:0xc (SW_CPU_RESET),boot:0x13 (SPI_FAST_FLASH_BOOT)
configsip: 0, SPIWP:0xee
clk_drv:0x00,q_drv:0x00,d_drv:0x00,cs0_drv:0x00,hd_drv:0x00,wp_drv:0x00
mode:DIO, clock div:2
load:0x3fff0030,len:6380
ho 0 tail 12 room 4
load:0x40078000,len:15916
load:0x40080400,len:3860
entry 0x40080638
[0;32mI (29) boot: ESP-IDF v5.5 2nd stage bootloader[0m
[0;32mI (29) boot: compile time Aug 29 2025 10:46:59[0m
[0;32mI (29) boot: Multicore bootloader[0m
[0;32mI (30) boot: chip revision: v3.0[0m
[0;32mI (33) boot.esp32: SPI Speed      : 40MHz[0m
[0;32mI (37) boot.esp32: SPI Mode       : DIO[0m
[0;32mI (40) boot.esp32: SPI Flash Size : 2MB[0m
[0;32mI (44) boot: Enabling RNG early entropy source...[0m
[0;32mI (48) boot: Partition Table:[0m
[0;32mI (51) boot: ## Label            Usage          Type ST Offset   Length[0m
[0;32mI (57) boot:  0 nvs              WiFi data        01 02 00009000 00006000[0m
[0;32mI (64) boot:  1 phy_init         RF data          01 01 0000f000 00001000[0m
[0;32mI (70) boot:  2 factory          factory app      00 00 00010000 00100000[0m
[0;32mI (77) boot: End of partition table[0m
[0;32mI (80) esp_image: segment 0: paddr=00010020 vaddr=3f400020 size=0ba4ch ( 47692) map[0m
[0;32mI (104) esp_image: segment 1: paddr=0001ba74 vaddr=3ff80000 size=00020h (    32) load[0m
[0;32mI (104) esp_image: segment 2: paddr=0001ba9c vaddr=3ffb0000 size=02418h (  9240) load[0m
[0;32mI (111) esp_image: segment 3: paddr=0001debc vaddr=40080000 size=0215ch (  8540) load[0m
[0;32mI (119) esp_image: segment 4: paddr=00020020 vaddr=400d0020 size=1b220h (111136) map[0m
[0;32mI (161) esp_image: segment 5: paddr=0003b248 vaddr=4008215c size=0c6f4h ( 50932) load[0m
[0;32mI (188) boot: Loaded app from partition at offset 0x10000[0m
[0;32mI (188) boot: Disabling RNG early entropy source...[0m
[0;32mI (199) cpu_start: Multicore app[0m
[0;32mI (207) cpu_start: Pro cpu start user code[0m
[0;32mI (207) cpu_start: cpu freq: 160000000 Hz[0m
[0;32mI (207) app_init: Application information:[0m
[0;32mI (207) app_init: Project name:     Kit1_Sender_Tuan4_test[0m
[0;32mI (212) app_init: App version:      1[0m
[0;32mI (216) app_init: Compile time:     Aug 29 2025 10:46:37[0m
[0;32mI (221) app_init: ELF file SHA256:  ed88b3663...[0m
[0;32mI (225) app_init: ESP-IDF:          v5.5[0m
[0;32mI (229) efuse_init: Min chip rev:     v0.0[0m
[0;32mI (233) efuse_init: Max chip rev:     v3.99 [0m
[0;32mI (237) efuse_init: Chip rev:         v3.0[0m
[0;32mI (241) heap_init: Initializing. RAM available for dynamic allocation:[0m
[0;32mI (247) heap_init: At 3FFAE6E0 len 00001920 (6 KiB): DRAM[0m
[0;32mI (252) heap_init: At 3FFB2CF8 len 0002D308 (180 KiB): DRAM[0m
[0;32mI (257) heap_init: At 3FFE0440 len 00003AE0 (14 KiB): D/IRAM[0m
[0;32mI (262) heap_init: At 3FFE4350 len 0001BCB0 (111 KiB): D/IRAM[0m
[0;32mI (268) heap_init: At 4008E850 len 000117B0 (69 KiB): IRAM[0m
[0;33mW (274) spi_flash: boya detected but related driver is not linked, please check option `SPI_FLASH_SUPPORT_BOYA_CHIP`[0m
[0;32mI (284) spi_flash: detected chip: generic[0m
[0;32mI (287) spi_flash: flash io: dio[0m
[0;33mW (290) spi_flash: Detected size(4096k) larger than the size in the binary image header(2048k). Using the size in the binary image header.[0m
[0;33mW (302) i2c: This driver is an old driver, please migrate your application code to adapt `driver/i2c_master.h`[0m
[0;32mI (313) main_task: Started on CPU0[0m
[0;32mI (323) main_task: Calling app_main()[0m
[0;32mI (323) UART_SEND: UART sent: Task2 hello[0m

[0;32mI (323) main_task: Returned from app_main()[0m
[0;32mI (323) UART_SEND: UART sent: Task 1 RTC: 17:58:44[0m


***ERROR*** A stack overflow in task TaskSendRTC has been detected.


Backtrace: 0x400819b9:0x3ffb5950 0x40086a39:0x3ffb5970 0x4008785a:0x3ffb5990 0x400888cf:0x3ffb5a10 0x40087964:0x3ffb5a30 0x40087916:0x3f40a07e |<-CORRUPTED




ELF file SHA256: ed88b3663

Rebooting...
ets Jul 29 2019 12:21:46

rst:0xc (SW_CPU_RESET),boot:0x13 (SPI_FAST_FLASH_BOOT)
configsip: 0, SPIWP:0xee
clk_drv:0x00,q_drv:0x00,d_drv:0x00,cs0_drv:0x00,hd_drv:0x00,wp_drv:0x00
mode:DIO, clock div:2
load:0x3fff0030,len:6380
ho 0 tail 12 room 4
load:0x40078000,len:15916
load:0x40080400,len:3860
entry 0x40080638
[0;32mI (29) boot: ESP-IDF v5.5 2nd stage bootloader[0m
[0;32mI (29) boot: compile time Aug 29 2025 10:46:59[0m
[0;32mI (29) boot: Multicore bootloader[0m
[0;32mI (30) boot: chip revision: v3.0[0m
[0;32mI (33) boot.esp32: SPI Speed      : 40MHz[0m
[0;32mI (37) boot.esp32: SPI Mode       : DIO[0m
[0;32mI (40) boot.esp32: SPI Flash Size : 2MB[0m
[0;32mI (44) boot: Enabling RNG early entropy source...[0m
[0;32mI (48) boot: Partition Table:[0m
[0;32mI (51) boot: ## Label            Usage          Type ST Offset   Length[0m
[0;32mI (57) boot:  0 nvs              WiFi data        01 02 00009000 00006000[0m
[0;32mI (64) boot:  1 phy_init         RF data          01 01 0000f000 00001000[0m
[0;32mI (70) boot:  2 factory          factory app      00 00 00010000 00100000[0m
[0;32mI (77) boot: End of partition table[0m
[0;32mI (80) esp_image: segment 0: paddr=00010020 vaddr=3f400020 size=0ba4ch ( 47692) map[0m
[0;32mI (104) esp_image: segment 1: paddr=0001ba74 vaddr=3ff80000 size=00020h (    32) load[0m
[0;32mI (104) esp_image: segment 2: paddr=0001ba9c vaddr=3ffb0000 size=02418h (  9240) load[0m
[0;32mI (111) esp_image: segment 3: paddr=0001debc vaddr=40080000 size=0215ch (  8540) load[0m
[0;32mI (119) esp_image: segment 4: paddr=00020020 vaddr=400d0020 size=1b220h (111136) map[0m
[0;32mI (161) esp_image: segment 5: paddr=0003b248 vaddr=4008215c size=0c6f4h ( 50932) load[0m
[0;32mI (188) boot: Loaded app from partition at offset 0x10000[0m
[0;32mI (188) boot: Disabling RNG early entropy source...[0m
[0;32mI (199) cpu_start: Multicore app[0m
[0;32mI (207) cpu_start: Pro cpu start user code[0m
[0;32mI (207) cpu_start: cpu freq: 160000000 Hz[0m
[0;32mI (207) app_init: Application information:[0m
[0;32mI (207) app_init: Project name:     Kit1_Sender_Tuan4_test[0m
[0;32mI (212) app_init: App version:      1[0m
[0;32mI (216) app_init: Compile time:     Aug 29 2025 10:46:37[0m
[0;32mI (221) app_init: ELF file SHA256:  ed88b3663...[0m
[0;32mI (225) app_init: ESP-IDF:          v5.5[0m
[0;32mI (229) efuse_init: Min chip rev:     v0.0[0m
[0;32mI (233) efuse_init: Max chip rev:     v3.99 [0m
[0;32mI (237) efuse_init: Chip rev:         v3.0[0m
[0;32mI (241) heap_init: Initializing. RAM available for dynamic allocation:[0m
[0;32mI (247) heap_init: At 3FFAE6E0 len 00001920 (6 KiB): DRAM[0m
[0;32mI (252) heap_init: At 3FFB2CF8 len 0002D308 (180 KiB): DRAM[0m
[0;32mI (257) heap_init: At 3FFE0440 len 00003AE0 (14 KiB): D/IRAM[0m
[0;32mI (262) heap_init: At 3FFE4350 len 0001BCB0 (111 KiB): D/IRAM[0m
[0;32mI (268) heap_init: At 4008E850 len 000117B0 (69 KiB): IRAM[0m
[0;33mW (274) spi_flash: boya detected but related driver is not linked, please check option `SPI_FLASH_SUPPORT_BOYA_CHIP`[0m
[0;32mI (284) spi_flash: detected chip: generic[0m
[0;32mI (287) spi_flash: flash io: dio[0m
[0;33mW (290) spi_flash: Detected size(4096k) larger than the size in the binary image header(2048k). Using the size in the binary image header.[0m
[0;33mW (302) i2c: This driver is an old driver, please migrate your application code to adapt `driver/i2c_master.h`[0m
[0;32mI (313) main_task: Started on CPU0[0m
[0;32mI (323) main_task: Calling app_main()[0m
[0;32mI (323) UART_SEND: UART sent: Task2 hello[0m

[0;32mI (323) main_task: Returned from app_main()[0m
[0;32mI (323) UART_SEND: UART sent: Task 1 RTC: 17:58:44[0m


***ERROR*** A stack overflow in task TaskSendRTC has been detected.


Backtrace: 0x400819b9:0x3ffb5950 0x40086a39:0x3ffb5970 0x4008785a:0x3ffb5990 0x400888cf:0x3ffb5a10 0x40087964:0x3ffb5a30 0x40087916:0x3f40a07e |<-CORRUPTED




ELF file SHA256: ed88b3663

Rebooting...
ets Jul 29 2019 12:21:46

rst:0xc (SW_CPU_RESET),boot:0x13 (SPI_FAST_FLASH_BOOT)
configsip: 0, SPIWP:0xee
clk_drv:0x00,q_drv:0x00,d_drv:0x00,cs0_drv:0x00,hd_drv:0x00,wp_drv:0x00
mode:DIO, clock div:2
load:0x3fff0030,len:6380
ho 0 tail 12 room 4
load:0x40078000,len:15916
load:0x40080400,len:3860
entry 0x40080638
[0;32mI (29) boot: ESP-IDF v5.5 2nd stage bootloader[0m
[0;32mI (29) boot: compile time Aug 29 2025 10:46:59[0m
[0;32mI (29) boot: Multicore bootloader[0m
[0;32mI (30) boot: chip revision: v3.0[0m
[0;32mI (33) boot.esp32: SPI Speed      : 40MHz[0m
[0;32mI (37) boot.esp32: SPI Mode       : DIO[0m
[0;32mI (40) boot.esp32: SPI Flash Size : 2MB[0m
[0;32mI (44) boot: Enabling RNG early entropy source...[0m
[0;32mI (48) boot: Partition Table:[0m
[0;32mI (51) boot: ## Label            Usage          Type ST Offset   Length[0m
[0;32mI (57) boot:  0 nvs              WiFi data        01 02 00009000 00006000[0m
[0;32mI (64) boot:  1 phy_init         RF data          01 01 0000f000 00001000[0m
[0;32mI (70) boot:  2 factory          factory app      00 00 00010000 00100000[0m
[0;32mI (77) boot: End of partition table[0m
[0;32mI (80) esp_image: segment 0: paddr=00010020 vaddr=3f400020 size=0ba4ch ( 47692) map[0m
[0;32mI (104) esp_image: segment 1: paddr=0001ba74 vaddr=3ff80000 size=00020h (    32) load[0m
[0;32mI (104) esp_image: segment 2: paddr=0001ba9c vaddr=3ffb0000 size=02418h (  9240) load[0m
[0;32mI (111) esp_image: segment 3: paddr=0001debc vaddr=40080000 size=0215ch (  8540) load[0m
[0;32mI (119) esp_image: segment 4: paddr=00020020 vaddr=400d0020 size=1b220h (111136) map[0m
[0;32mI (161) esp_image: segment 5: paddr=0003b248 vaddr=4008215c size=0c6f4h ( 50932) load[0m
[0;32mI (188) boot: Loaded app from partition at offset 0x10000[0m
[0;32mI (188) boot: Disabling RNG early entropy source...[0m
[0;32mI (199) cpu_start: Multicore app[0m
[0;32mI (207) cpu_start: Pro cpu start user code[0m
[0;32mI (207) cpu_start: cpu freq: 160000000 Hz[0m
[0;32mI (207) app_init: Application information:[0m
[0;32mI (207) app_init: Project name:     Kit1_Sender_Tuan4_test[0m
[0;32mI (212) app_init: App version:      1[0m
[0;32mI (216) app_init: Compile time:     Aug 29 2025 10:46:37[0m
[0;32mI (221) app_init: ELF file SHA256:  ed88b3663...[0m
[0;32mI (225) app_init: ESP-IDF:          v5.5[0m
[0;32mI (229) efuse_init: Min chip rev:     v0.0[0m
[0;32mI (233) efuse_init: Max chip rev:     v3.99 [0m
[0;32mI (237) efuse_init: Chip rev:         v3.0[0m
[0;32mI (241) heap_init: Initializing. RAM available for dynamic allocation:[0m
[0;32mI (247) heap_init: At 3FFAE6E0 len 00001920 (6 KiB): DRAM[0m
[0;32mI (252) heap_init: At 3FFB2CF8 len 0002D308 (180 KiB): DRAM[0m
[0;32mI (257) heap_init: At 3FFE0440 len 00003AE0 (14 KiB): D/IRAM[0m
[0;32mI (262) heap_init: At 3FFE4350 len 0001BCB0 (111 KiB): D/IRAM[0m
[0;32mI (268) heap_init: At 4008E850 len 000117B0 (69 KiB): IRAM[0m
[0;33mW (274) spi_flash: boya detected but related driver is not linked, please check option `SPI_FLASH_SUPPORT_BOYA_CHIP`[0m
[0;32mI (284) spi_flash: detected chip: generic[0m
[0;32mI (287) spi_flash: flash io: dio[0m
[0;33mW (290) spi_flash: Detected size(4096k) larger than the size in the binary image header(2048k). Using the size in the binary image header.[0m
[0;33mW (302) i2c: This driver is an old driver, please migrate your application code to adapt `driver/i2c_master.h`[0m
[0;32mI (313) main_task: Started on CPU0[0m
[0;32mI (323) main_task: Calling app_main()[0m
[0;32mI (323) UART_SEND: UART sent: Task2 hello[0m

[0;32mI (323) main_task: Returned from app_main()[0m
[0;32mI (323) UART_SEND: UART sent: Task 1 RTC: 17:58:45[0m


***ERROR*** A stack overflow in task TaskSendRTC has been detected.


Backtrace: 0x400819b9:0x3ffb5950 0x40086a39:0x3ffb5970 0x4008785a:0x3ffb5990 0x400888cf:0x3ffb5a10 0x40087964:0x3ffb5a30 0x40087916:0x3f40a07e |<-CORRUPTED




ELF file SHA256: ed88b3663

Rebooting...
ets Jul 29 2019 12:21:46

rst:0xc (SW_CPU_RESET),boot:0x13 (SPI_FAST_FLASH_BOOT)
configsip: 0, SPIWP:0xee
clk_drv:0x00,q_drv:0x00,d_drv:0x00,cs0_drv:0x00,hd_drv:0x00,wp_drv:0x00
mode:DIO, clock div:2
load:0x3fff0030,len:6380
ho 0 tail 12 room 4
load:0x40078000,len:15916
load:0x40080400,len:3860
entry 0x40080638
[0;32mI (29) boot: ESP-IDF v5.5 2nd stage bootloader[0m
[0;32mI (29) boot: compile time Aug 29 2025 10:46:59[0m
[0;32mI (29) boot: Multicore bootloader[0m
[0;32mI (30) boot: chip revision: v3.0[0m
[0;32mI (33) boot.esp32: SPI Speed      : 40MHz[0m
[0;32mI (37) boot.esp32: SPI Mode       : DIO[0m
[0;32mI (40) boot.esp32: SPI Flash Size : 2MB[0m
[0;32mI (44) boot: Enabling RNG early entropy source...[0m
[0;32mI (48) boot: Partition Table:[0m
[0;32mI (51) boot: ## Label            Usage          Type ST Offset   Length[0m
[0;32mI (57) boot:  0 nvs              WiFi data        01 02 00009000 00006000[0m
[0;32mI (64) boot:  1 phy_init         RF data          01 01 0000f000 00001000[0m
[0;32mI (70) boot:  2 factory          factory app      00 00 00010000 00100000[0m
[0;32mI (77) boot: End of partition table[0m
[0;32mI (80) esp_image: segment 0: paddr=00010020 vaddr=3f400020 size=0ba4ch ( 47692) map[0m
