Command: E:\ESP32_NEWBIE\Espressif\python_env\idf5.5_py3.11_env\Scripts\python.exe E:\ESP32_NEWBIE\Espressif\frameworks\esp-idf-v5.5\tools/idf_monitor.py -p COM8 -b 115200 --toolchain-prefix xtensa-esp32-elf- --target esp32 --revision 0 E:\ESP32_NEWBIE\Espressif\frameworks\esp-idf-v5.5\examples\get-started\I2C_RTOS\esp_receiver\build\esp_receiver.elf E:\ESP32_NEWBIE\Espressif\frameworks\esp-idf-v5.5\examples\get-started\I2C_RTOS\esp_receiver\build\bootloader\bootloader.elf --force-color -m 'E:\ESP32_NEWBIE\Espressif\python_env\idf5.5_py3.11_env\Scripts\python.exe' 'E:\ESP32_NEWBIE\Espressif\frameworks\esp-idf-v5.5\tools\idf.py' '-p' 'COM8'
ets Jul 29 2019 12:21:46

rst:0x1 (POWERON_RESET),boot:0x13 (SPI_FAST_FLASH_BOOT)
configsip: 0, SPIWP:0xee
clk_drv:0x00,q_drv:0x00,d_drv:0x00,cs0_drv:0x00,hd_drv:0x00,wp_drv:0x00
mode:DIO, clock div:2
load:0x3fff0030,len:6380
ho 0 tail 12 room 4
load:0x40078000,len:15916
load:0x40080400,len:3860
entry 0x40080638
[0;32mI (29) boot: ESP-IDF v5.5-dirty 2nd stage bootloader[0m
[0;32mI (29) boot: compile time Aug 28 2025 09:25:35[0m
[0;32mI (29) boot: Multicore bootloader[0m
[0;32mI (31) boot: chip revision: v3.1[0m
[0;32mI (34) boot.esp32: SPI Speed      : 40MHz[0m
[0;32mI (37) boot.esp32: SPI Mode       : DIO[0m
[0;32mI (41) boot.esp32: SPI Flash Size : 2MB[0m
[0;32mI (45) boot: Enabling RNG early entropy source...[0m
[0;32mI (49) boot: Partition Table:[0m
[0;32mI (52) boot: ## Label            Usage          Type ST Offset   Length[0m
[0;32mI (58) boot:  0 nvs              WiFi data        01 02 00009000 00006000[0m
[0;32mI (65) boot:  1 phy_init         RF data          01 01 0000f000 00001000[0m
[0;32mI (71) boot:  2 factory          factory app      00 00 00010000 00100000[0m
[0;32mI (78) boot: End of partition table[0m
[0;32mI (81) esp_image: segment 0: paddr=00010020 vaddr=3f400020 size=0ad88h ( 44424) map[0m
[0;32mI (104) esp_image: segment 1: paddr=0001adb0 vaddr=3ff80000 size=00020h (    32) load[0m
[0;32mI (104) esp_image: segment 2: paddr=0001add8 vaddr=3ffb0000 size=023e8h (  9192) load[0m
[0;32mI (111) esp_image: segment 3: paddr=0001d1c8 vaddr=40080000 size=02e50h ( 11856) load[0m
[0;32mI (120) esp_image: segment 4: paddr=00020020 vaddr=400d0020 size=15e50h ( 89680) map[0m
[0;32mI (153) esp_image: segment 5: paddr=00035e78 vaddr=40082e50 size=0b2f4h ( 45812) load[0m
[0;32mI (178) boot: Loaded app from partition at offset 0x10000[0m
[0;32mI (178) boot: Disabling RNG early entropy source...[0m
[0;32mI (189) cpu_start: Multicore app[0m
[0;32mI (197) cpu_start: Pro cpu start user code[0m
[0;32mI (197) cpu_start: cpu freq: 160000000 Hz[0m
[0;32mI (197) app_init: Application information:[0m
[0;32mI (197) app_init: Project name:     esp_receiver[0m
[0;32mI (201) app_init: App version:      v5.5-dirty[0m
[0;32mI (206) app_init: Compile time:     Aug 28 2025 09:25:22[0m
[0;32mI (211) app_init: ELF file SHA256:  ca37282bd...[0m
[0;32mI (215) app_init: ESP-IDF:          v5.5-dirty[0m
[0;32mI (219) efuse_init: Min chip rev:     v0.0[0m
[0;32mI (223) efuse_init: Max chip rev:     v3.99 [0m
[0;32mI (227) efuse_init: Chip rev:         v3.1[0m
[0;32mI (231) heap_init: Initializing. RAM available for dynamic allocation:[0m
[0;32mI (237) heap_init: At 3FFAE6E0 len 00001920 (6 KiB): DRAM[0m
[0;32mI (242) heap_init: At 3FFB2CC0 len 0002D340 (180 KiB): DRAM[0m
[0;32mI (247) heap_init: At 3FFE0440 len 00003AE0 (14 KiB): D/IRAM[0m
[0;32mI (253) heap_init: At 3FFE4350 len 0001BCB0 (111 KiB): D/IRAM[0m
[0;32mI (258) heap_init: At 4008E144 len 00011EBC (71 KiB): IRAM[0m
[0;33mW (265) spi_flash: boya detected but related driver is not linked, please check option `SPI_FLASH_SUPPORT_BOYA_CHIP`[0m
[0;32mI (274) spi_flash: detected chip: generic[0m
[0;32mI (277) spi_flash: flash io: dio[0m
[0;33mW (280) spi_flash: Detected size(4096k) larger than the size in the binary image header(2048k). Using the size in the binary image header.[0m
[0;32mI (293) main_task: Started on CPU0[0m
[0;32mI (303) main_task: Calling app_main()[0m
[0;32mI (303) main_task: Returned from app_main()[0m
[0;32mI (883) TIME: Time: 10:28:10 Date: 29/08/2025[0m
[0;32mI (1883) TIME: Time: 10:28:11 Date: 29/08/2025[0m
[0;32mI (2883) TIME: Time: 10:28:12 Date: 29/08/2025[0m
[0;32mI (3883) TIME: Time: 10:28:13 Date: 29/08/2025[0m
[0;32mI (4883) TIME: Time: 10:28:14 Date: 29/08/2025[0m
[0;32mI (5883) TIME: Time: 10:28:15 Date: 29/08/2025[0m
[0;32mI (6883) TIME: Time: 10:28:16 Date: 29/08/2025[0m
[0;32mI (7883) TIME: Time: 10:28:17 Date: 29/08/2025[0m
[0;32mI (8883) TIME: Time: 10:28:18 Date: 29/08/2025[0m
[0;32mI (9883) TIME: Time: 10:28:19 Date: 29/08/2025[0m
[0;32mI (10883) TIME: Time: 10:28:20 Date: 29/08/2025[0m
[0;32mI (11883) TIME: Time: 10:28:21 Date: 29/08/2025[0m
[0;32mI (12883) TIME: Time: 10:28:22 Date: 29/08/2025[0m
[0;32mI (13883) TIME: Time: 10:28:23 Date: 29/08/2025[0m
[0;32mI (14883) TIME: Time: 10:28:24 Date: 29/08/2025[0m
[0;32mI (15883) TIME: Time: 10:28:25 Date: 29/08/2025[0m
[0;32mI (16883) TIME: Time: 10:28:26 Date: 29/08/2025[0m
[0;32mI (17883) TIME: Time: 10:28:27 Date: 29/08/2025[0m
[0;32mI (18883) TIME: Time: 10:28:28 Date: 29/08/2025[0m
[0;32mI (19883) TIME: Time: 10:28:29 Date: 29/08/2025[0m
[0;32mI (20883) TIME: Time: 10:28:30 Date: 29/08/2025[0m
[0;32mI (21883) TIME: Time: 10:28:31 Date: 29/08/2025[0m
[0;32mI (22883) TIME: Time: 10:28:32 Date: 29/08/2025[0m
[0;32mI (23883) TIME: Time: 10:28:33 Date: 29/08/2025[0m
[0;32mI (24883) TIME: Time: 10:28:34 Date: 29/08/2025[0m
[0;32mI (25883) TIME: Time: 10:28:35 Date: 29/08/2025[0m
[0;32mI (26883) TIME: Time: 10:28:36 Date: 29/08/2025[0m
[0;32mI (27883) TIME: Time: 10:28:37 Date: 29/08/2025[0m
[0;32mI (28883) TIME: Time: 10:28:38 Date: 29/08/2025[0m
[0;32mI (29883) TIME: Time: 10:28:39 Date: 29/08/2025[0m
[0;32mI (30883) TIME: Time: 10:28:40 Date: 29/08/2025[0m
[0;32mI (31883) TIME: Time: 10:28:41 Date: 29/08/2025[0m
[0;32mI (32883) TIME: Time: 10:28:42 Date: 29/08/2025[0m
[0;32mI (33883) TIME: Time: 10:28:43 Date: 29/08/2025[0m
[0;32mI (34883) TIME: Time: 10:28:44 Date: 29/08/2025[0m
[0;32mI (35883) TIME: Time: 10:28:45 Date: 29/08/2025[0m
[0;32mI (36883) TIME: Time: 10:28:46 Date: 29/08/2025[0m
[0;32mI (37883) TIME: Time: 10:28:47 Date: 29/08/2025[0m
[0;32mI (38883) TIME: Time: 10:28:48 Date: 29/08/2025[0m
[0;32mI (39883) TIME: Time: 10:28:49 Date: 29/08/2025[0m
[0;32mI (40883) TIME: Time: 10:28:50 Date: 29/08/2025[0m
[0;32mI (41883) TIME: Time: 10:28:51 Date: 29/08/2025[0m
[0;32mI (42883) TIME: Time: 10:28:52 Date: 29/08/2025[0m
[0;32mI (43883) TIME: Time: 10:28:53 Date: 29/08/2025[0m
[0;32mI (44883) TIME: Time: 10:28:54 Date: 29/08/2025[0m
[0;32mI (45883) TIME: Time: 10:28:55 Date: 29/08/2025[0m
[0;32mI (46883) TIME: Time: 10:28:56 Date: 29/08/2025[0m
[0;32mI (47883) TIME: Time: 10:28:57 Date: 29/08/2025[0m
[0;32mI (48883) TIME: Time: 10:28:58 Date: 29/08/2025[0m
[0;32mI (49883) TIME: Time: 10:28:59 Date: 29/08/2025[0m
[0;32mI (50883) TIME: Time: 10:29:00 Date: 29/08/2025[0m
[0;32mI (51883) TIME: Time: 10:29:01 Date: 29/08/2025[0m
[0;32mI (52883) TIME: Time: 10:29:02 Date: 29/08/2025[0m
[0;32mI (53883) TIME: Time: 10:29:03 Date: 29/08/2025[0m
[0;32mI (54883) TIME: Time: 10:29:04 Date: 29/08/2025[0m
[0;32mI (55883) TIME: Time: 10:29:05 Date: 29/08/2025[0m
[0;32mI (56883) TIME: Time: 10:29:06 Date: 29/08/2025[0m
[0;32mI (57883) TIME: Time: 10:29:07 Date: 29/08/2025[0m
[0;32mI (58883) TIME: Time: 10:29:08 Date: 29/08/2025[0m
[0;32mI (59883) TIME: Time: 10:29:09 Date: 29/08/2025[0m
[0;32mI (60883) TIME: Time: 10:29:10 Date: 29/08/2025[0m
[0;32mI (61883) TIME: Time: 10:29:11 Date: 29/08/2025[0m
[0;32mI (62883) TIME: Time: 10:29:12 Date: 29/08/2025[0m
[0;32mI (63883) TIME: Time: 10:29:13 Date: 29/08/2025[0m
[0;32mI (64883) TIME: Time: 10:29:14 Date: 29/08/2025[0m
[0;32mI (65883) TIME: Time: 10:29:15 Date: 29/08/2025[0m
[0;32mI (66883) TIME: Time: 10:29:16 Date: 29/08/2025[0m
[0;32mI (67883) TIME: Time: 10:29:17 Date: 29/08/2025[0m
[0;32mI (68883) TIME: Time: 10:29:18 Date: 29/08/2025[0m
[0;32mI (69883) TIME: Time: 10:29:19 Date: 29/08/2025[0m
[0;32mI (70883) TIME: Time: 10:29:20 Date: 29/08/2025[0m
[0;32mI (71883) TIME: Time: 10:29:21 Date: 29/08/2025[0m
[0;32mI (72883) TIME: Time: 10:29:22 Date: 29/08/2025[0m
[0;32mI (73883) TIME: Time: 10:29:23 Date: 29/08/2025[0m
[0;32mI (74883) TIME: Time: 10:29:24 Date: 29/08/2025[0m
[0;32mI (75883) TIME: Time: 10:29:25 Date: 29/08/2025[0m
[0;32mI (76883) TIME: Time: 10:29:26 Date: 29/08/2025[0m
[0;32mI (77883) TIME: Time: 10:29:27 Date: 29/08/2025[0m
[0;32mI (78883) TIME: Time: 10:29:28 Date: 29/08/2025[0m
[0;32mI (79883) TIME: Time: 10:29:29 Date: 29/08/2025[0m
[0;32mI (80883) TIME: Time: 10:29:30 Date: 29/08/2025[0m
[0;32mI (81883) TIME: Time: 10:29:31 Date: 29/08/2025[0m
[0;32mI (82883) TIME: Time: 10:29:32 Date: 29/08/2025[0m
[0;32mI (83883) TIME: Time: 10:29:33 Date: 29/08/2025[0m
[0;32mI (84883) TIME: Time: 10:29:34 Date: 29/08/2025[0m
[0;32mI (85883) TIME: Time: 10:29:35 Date: 29/08/2025[0m
[0;32mI (86883) TIME: Time: 10:29:36 Date: 29/08/2025[0m
[0;32mI (87883) TIME: Time: 10:29:37 Date: 29/08/2025[0m
[0;32mI (88883) TIME: Time: 10:29:38 Date: 29/08/2025[0m
[0;32mI (89883) TIME: Time: 10:29:39 Date: 29/08/2025[0m
[0;32mI (90883) TIME: Time: 10:29:40 Date: 29/08/2025[0m
[0;32mI (91883) TIME: Time: 10:29:41 Date: 29/08/2025[0m
[0;32mI (92883) TIME: Time: 10:29:42 Date: 29/08/2025[0m
[0;32mI (93883) TIME: Time: 10:29:43 Date: 29/08/2025[0m
[0;32mI (94883) TIME: Time: 10:29:44 Date: 29/08/2025[0m
[0;32mI (95883) TIME: Time: 10:29:45 Date: 29/08/2025[0m
[0;32mI (96883) TIME: Time: 10:29:46 Date: 29/08/2025[0m
[0;32mI (97883) TIME: Time: 10:29:47 Date: 29/08/2025[0m
[0;32mI (98883) TIME: Time: 10:29:48 Date: 29/08/2025[0m
[0;32mI (99883) TIME: Time: 10:29:49 Date: 29/08/2025[0m
[0;32mI (100883) TIME: Time: 10:29:50 Date: 29/08/2025[0m
[0;32mI (101883) TIME: Time: 10:29:51 Date: 29/08/2025[0m
[0;32mI (102883) TIME: Time: 10:29:52 Date: 29/08/2025[0m
[0;32mI (103883) TIME: Time: 10:29:53 Date: 29/08/2025[0m
[0;32mI (104883) TIME: Time: 10:29:54 Date: 29/08/2025[0m
[0;32mI (105883) TIME: Time: 10:29:55 Date: 29/08/2025[0m
[0;32mI (106883) TIME: Time: 10:29:56 Date: 29/08/2025[0m
[0;32mI (107883) TIME: Time: 10:29:57 Date: 29/08/2025[0m
[0;32mI (108883) TIME: Time: 10:29:58 Date: 29/08/2025[0m
[0;32mI (109883) TIME: Time: 10:29:59 Date: 29/08/2025[0m
[0;32mI (110883) TIME: Time: 10:30:00 Date: 29/08/2025[0m
[0;32mI (111883) TIME: Time: 10:30:01 Date: 29/08/2025[0m
[1;31mE (112883) UART: [ERROR] Du lieu UART khong hop le: 00:41:00 104/255/53248[0m
[1;31mE (113883) UART: [ERROR] Du lieu UART khong hop le: 02:251:04 254/06/0254[0m
ï¿½ï¿½Speed      : 40MHz
[0;32mI (37) boot.esp32: SPI Mode       : DIO[0m
[0;32mI (40) boot.esp32: SPI Flash Size : 2MB[0m
[0;32mI (44) boot: Enabling RNG early entropy source...[0m
[0;32mI (49) boot: Partition Table:[0m
[0;32mI (51) boot: ## Label            Usage          Type ST Offset   Length[0m
[0;32mI (57) boot:  0 nvs              WiFi data        01 02 00009000 00006000[0m
[0;32mI (64) boot:  1 phy_init         RF data          01 01 0000f000 00001000[0m
[0;32mI (71) boot:  2 factory          factory app      00 00 00010000 00100000[0m
[0;32mI (77) boot: End of partition table[0m
[0;32mI (80) esp_image: segment 0: paddr=00010020 vaddr=3f400020 size=08ea8h ( 36520) map[0m
[0;32mI (100) esp_image: segment 1: paddr=00018ed0 vaddr=3ff80000 size=00020h (    32) load[0m
[0;32mI (101) esp_image: segment 2: paddr=00018ef8 vaddr=3ffb0000 size=022a8h (  8872) load[0m
[0;32mI (108) esp_image: segment 3: paddr=0001b1a8 vaddr=40080000 size=04e70h ( 20080) load[0m
[0;32mI (120) esp_image: segment 4: paddr=00020020 vaddr=400d0020 size=12c64h ( 76900) map[0m
[0;32mI (147) esp_image: segment 5: paddr=00032c8c vaddr=40084e70 size=0927ch ( 37500) load[0m
[0;32mI (169) boot: Loaded app from partition at offset 0x10000[0m
[0;32mI (169) boot: Disabling RNG early entropy source...[0m
[0;32mI (179) cpu_start: Multicore app[0m
[0;32mI (187) cpu_start: Pro cpu start user code[0m
[0;32mI (188) cpu_start: cpu freq: 160000000 Hz[0m
[0;32mI (188) app_init: Application information:[0m
[0;32mI (188) app_init: Project name:     blink[0m
[0;32mI (191) app_init: App version:      1[0m
[0;32mI (195) app_init: Compile time:     Aug 29 2025 10:48:25[0m
[0;32mI (200) app_init: ELF file SHA256:  4888a6cba...[0m
[0;32mI (204) app_init: ESP-IDF:          v5.5[0m
[0;32mI (208) efuse_init: Min chip rev:     v0.0[0m
[0;32mI (212) efuse_init: Max chip rev:     v3.99 [0m
[0;32mI (216) efuse_init: Chip rev:         v3.0[0m
[0;32mI (220) heap_init: Initializing. RAM available for dynamic allocation:[0m
[0;32mI (226) heap_init: At 3FFAE6E0 len 00001920 (6 KiB): DRAM[0m
[0;32mI (231) heap_init: At 3FFB2B30 len 0002D4D0 (181 KiB): DRAM[0m
[0;32mI (236) heap_init: At 3FFE0440 len 00003AE0 (14 KiB): D/IRAM[0m
[0;32mI (241) heap_init: At 3FFE4350 len 0001BCB0 (111 KiB): D/IRAM[0m
[0;32mI (247) heap_init: At 4008E0EC len 00011F14 (71 KiB): IRAM[0m
[0;32mI (253) spi_flash: detected chip: generic[0m
[0;32mI (256) spi_flash: flash io: dio[0m
[0;33mW (259) spi_flash: Detected size(4096k) larger than the size in the binary image header(2048k). Using the size in the binary image header.[0m
[0;32mI (272) main_task: Started on CPU0[0m
[0;32mI (282) main_task: Calling app_main()[0m
[0;32mI (282) main_task: Returned from app_main()[0m
[UART 1] Task2 he
[UART 2] llo
Task
[UART 3]  1 RTC: 
[UART 4] 17:58:50
[UART 5] Task2 he
[UART 6] llo
Task
[UART 7]  1 RTC: 
[UART 8] 17:58:50
[UART 9] Task2 he
[UART 10] llo
Task
[UART 11]  1 RTC: 
[UART 12] 17:58:50
[UART 13] Task2 he
[UART 14] llo
Task
[UART 15]  1 RTC: 
[UART 16] 17:58:51
[UART 17] Task2 he
[UART 18] llo
Task
[UART 19]  1 RTC: 
[UART 20] 17:58:51
[UART 21] Task2 he
[UART 22] llo
Task
[UART 23]  1 RTC: 
[UART 24] 17:58:51
[UART 25] Task2 he
[UART 26] llo
Task
[UART 27]  1 RTC: 
[UART 28] 17:58:52
[UART 29] Task2 he
[UART 30] llo
Task
[UART 31]  1 RTC: 
[UART 32] 17:58:52
[UART 33] Task2 he
[UART 34] llo
Task
[UART 35]  1 RTC: 
[UART 36] 17:58:52
[UART 37] Task2 he
[UART 38] llo
Task
[UART 39]  1 RTC: 
[UART 40] 17:58:53
[UART 41] Task2 he
[UART 42] llo
Task
[UART 43]  1 RTC: 
[UART 44] 17:58:53
[UART 45] Task2 he
[UART 46] llo
Task
[UART 47]  1 RTC: 
[UART 48] 17:58:54
[UART 49] Task2 he
[UART 50] llo
Task
[UART 51]  1 RTC: 
[UART 52] 17:58:54
[UART 53] Task2 he
[UART 54] llo
Task
[UART 55]  1 RTC: 
[UART 56] 17:58:54
[UART 57] Task2 he
[UART 58] llo
Task
[UART 59]  1 RTC: 
[UART 60] 17:58:55
[UART 61] Task2 he
[UART 62] llo
Task
[UART 63]  1 RTC: 
[UART 64] 17:58:55
[UART 65] Task2 he
[UART 66] llo
Task
[UART 67]  1 RTC: 
[UART 68] 17:58:55
[UART 69] Task2 he
[UART 70] llo
Task
[UART 71]  1 RTC: 
[UART 72] 17:58:56
[UART 73] Task2 he
[UART 74] llo
Task
[UART 75]  1 RTC: 
[UART 76] 17:58:56
[UART 77] Task2 he
[UART 78] llo
Task
[UART 79]  1 RTC: 
[UART 80] 17:58:57
[UART 81] Task2 he
[UART 82] llo
Task
[UART 83]  1 RTC: 
[UART 84] 17:58:57
[UART 85] Task2 he
[UART 86] llo
Task
[UART 87]  1 RTC: 
[UART 88] 17:58:57
[UART 89] Task2 he
[UART 90] llo
Task
[UART 91]  1 RTC: 
[UART 92] 17:58:58
[UART 93] Task2 he
[UART 94] llo
Task
[UART 95]  1 RTC: 
[UART 96] 17:58:58
[UART 97] Task2 he
[UART 98] llo
Task
[UART 99]  1 RTC: 
[UART 100] 17:58:58
[UART 101] Task2 he
[UART 102] llo
Task
[UART 103]  1 RTC: 
[UART 104] 17:58:59
[UART 105] Task2 he
[UART 106] llo
Task
[UART 107]  1 RTC: 
[UART 108] 17:58:59
[UART 109] Task2 he
[UART 110] llo
Task
[UART 111]  1 RTC: 
[UART 112] 17:58:59
[UART 113] Task2 he
[UART 114] llo
Task
[UART 115]  1 RTC: 
[UART 116] 17:59:00
[UART 117] Task2 he
[UART 118] llo
Task
[UART 119]  1 RTC: 
[UART 120] 17:59:00
[UART 121] Task2 he
[UART 122] llo
Task
[UART 123]  1 RTC: 
[UART 124] 17:59:01
[UART 125] Task2 he
[UART 126] llo
Task
[UART 127]  1 RTC: 
[UART 128] 17:59:01
[UART 129] Task2 he
[UART 130] llo
Task
[UART 131]  1 RTC: 
[UART 132] 17:59:01
[UART 133] Task2 he
[UART 134] llo
Task
[UART 135]  1 RTC: 
[UART 136] 17:59:02
[UART 137] Task2 he
[UART 138] llo
Task
[UART 139]  1 RTC: 
[UART 140] 17:59:02
[UART 141] Task2 he
[UART 142] llo
Task
[UART 143]  1 RTC: 
[UART 144] 17:59:02
